Archive member included to satisfy reference by file (symbol)

C:/ST/STM32CubeIDE_1.18.0/STM32CubeIDE/plugins/com.st.stm32cube.ide.mcu.externaltools.gnu-tools-for-stm32.13.3.rel1.win32_1.0.0.202411081344/tools/bin/../lib/gcc/arm-none-eabi/13.3.1/../../../../arm-none-eabi/lib/thumb/v8-m.main+fp/hard\libc_nano.a(libc_a-exit.o)
                              C:/ST/STM32CubeIDE_1.18.0/STM32CubeIDE/plugins/com.st.stm32cube.ide.mcu.externaltools.gnu-tools-for-stm32.13.3.rel1.win32_1.0.0.202411081344/tools/bin/../lib/gcc/arm-none-eabi/13.3.1/../../../../arm-none-eabi/lib/thumb/v8-m.main+fp/hard/crt0.o (exit)
C:/ST/STM32CubeIDE_1.18.0/STM32CubeIDE/plugins/com.st.stm32cube.ide.mcu.externaltools.gnu-tools-for-stm32.13.3.rel1.win32_1.0.0.202411081344/tools/bin/../lib/gcc/arm-none-eabi/13.3.1/../../../../arm-none-eabi/lib/thumb/v8-m.main+fp/hard\libc_nano.a(libc_a-findfp.o)
                              C:/ST/STM32CubeIDE_1.18.0/STM32CubeIDE/plugins/com.st.stm32cube.ide.mcu.externaltools.gnu-tools-for-stm32.13.3.rel1.win32_1.0.0.202411081344/tools/bin/../lib/gcc/arm-none-eabi/13.3.1/../../../../arm-none-eabi/lib/thumb/v8-m.main+fp/hard\libc_nano.a(libc_a-exit.o) (__stdio_exit_handler)
C:/ST/STM32CubeIDE_1.18.0/STM32CubeIDE/plugins/com.st.stm32cube.ide.mcu.externaltools.gnu-tools-for-stm32.13.3.rel1.win32_1.0.0.202411081344/tools/bin/../lib/gcc/arm-none-eabi/13.3.1/../../../../arm-none-eabi/lib/thumb/v8-m.main+fp/hard\libc_nano.a(libc_a-fwalk.o)
                              C:/ST/STM32CubeIDE_1.18.0/STM32CubeIDE/plugins/com.st.stm32cube.ide.mcu.externaltools.gnu-tools-for-stm32.13.3.rel1.win32_1.0.0.202411081344/tools/bin/../lib/gcc/arm-none-eabi/13.3.1/../../../../arm-none-eabi/lib/thumb/v8-m.main+fp/hard\libc_nano.a(libc_a-findfp.o) (_fwalk_sglue)
C:/ST/STM32CubeIDE_1.18.0/STM32CubeIDE/plugins/com.st.stm32cube.ide.mcu.externaltools.gnu-tools-for-stm32.13.3.rel1.win32_1.0.0.202411081344/tools/bin/../lib/gcc/arm-none-eabi/13.3.1/../../../../arm-none-eabi/lib/thumb/v8-m.main+fp/hard\libc_nano.a(libc_a-stdio.o)
                              C:/ST/STM32CubeIDE_1.18.0/STM32CubeIDE/plugins/com.st.stm32cube.ide.mcu.externaltools.gnu-tools-for-stm32.13.3.rel1.win32_1.0.0.202411081344/tools/bin/../lib/gcc/arm-none-eabi/13.3.1/../../../../arm-none-eabi/lib/thumb/v8-m.main+fp/hard\libc_nano.a(libc_a-findfp.o) (__sread)
C:/ST/STM32CubeIDE_1.18.0/STM32CubeIDE/plugins/com.st.stm32cube.ide.mcu.externaltools.gnu-tools-for-stm32.13.3.rel1.win32_1.0.0.202411081344/tools/bin/../lib/gcc/arm-none-eabi/13.3.1/../../../../arm-none-eabi/lib/thumb/v8-m.main+fp/hard\libc_nano.a(libc_a-memset.o)
                              C:/ST/STM32CubeIDE_1.18.0/STM32CubeIDE/plugins/com.st.stm32cube.ide.mcu.externaltools.gnu-tools-for-stm32.13.3.rel1.win32_1.0.0.202411081344/tools/bin/../lib/gcc/arm-none-eabi/13.3.1/../../../../arm-none-eabi/lib/thumb/v8-m.main+fp/hard/crt0.o (memset)
C:/ST/STM32CubeIDE_1.18.0/STM32CubeIDE/plugins/com.st.stm32cube.ide.mcu.externaltools.gnu-tools-for-stm32.13.3.rel1.win32_1.0.0.202411081344/tools/bin/../lib/gcc/arm-none-eabi/13.3.1/../../../../arm-none-eabi/lib/thumb/v8-m.main+fp/hard\libc_nano.a(libc_a-closer.o)
                              C:/ST/STM32CubeIDE_1.18.0/STM32CubeIDE/plugins/com.st.stm32cube.ide.mcu.externaltools.gnu-tools-for-stm32.13.3.rel1.win32_1.0.0.202411081344/tools/bin/../lib/gcc/arm-none-eabi/13.3.1/../../../../arm-none-eabi/lib/thumb/v8-m.main+fp/hard\libc_nano.a(libc_a-stdio.o) (_close_r)
C:/ST/STM32CubeIDE_1.18.0/STM32CubeIDE/plugins/com.st.stm32cube.ide.mcu.externaltools.gnu-tools-for-stm32.13.3.rel1.win32_1.0.0.202411081344/tools/bin/../lib/gcc/arm-none-eabi/13.3.1/../../../../arm-none-eabi/lib/thumb/v8-m.main+fp/hard\libc_nano.a(libc_a-reent.o)
                              C:/ST/STM32CubeIDE_1.18.0/STM32CubeIDE/plugins/com.st.stm32cube.ide.mcu.externaltools.gnu-tools-for-stm32.13.3.rel1.win32_1.0.0.202411081344/tools/bin/../lib/gcc/arm-none-eabi/13.3.1/../../../../arm-none-eabi/lib/thumb/v8-m.main+fp/hard\libc_nano.a(libc_a-closer.o) (errno)
C:/ST/STM32CubeIDE_1.18.0/STM32CubeIDE/plugins/com.st.stm32cube.ide.mcu.externaltools.gnu-tools-for-stm32.13.3.rel1.win32_1.0.0.202411081344/tools/bin/../lib/gcc/arm-none-eabi/13.3.1/../../../../arm-none-eabi/lib/thumb/v8-m.main+fp/hard\libc_nano.a(libc_a-impure.o)
                              C:/ST/STM32CubeIDE_1.18.0/STM32CubeIDE/plugins/com.st.stm32cube.ide.mcu.externaltools.gnu-tools-for-stm32.13.3.rel1.win32_1.0.0.202411081344/tools/bin/../lib/gcc/arm-none-eabi/13.3.1/../../../../arm-none-eabi/lib/thumb/v8-m.main+fp/hard\libc_nano.a(libc_a-reent.o) (_impure_ptr)
C:/ST/STM32CubeIDE_1.18.0/STM32CubeIDE/plugins/com.st.stm32cube.ide.mcu.externaltools.gnu-tools-for-stm32.13.3.rel1.win32_1.0.0.202411081344/tools/bin/../lib/gcc/arm-none-eabi/13.3.1/../../../../arm-none-eabi/lib/thumb/v8-m.main+fp/hard\libc_nano.a(libc_a-lseekr.o)
[...]
Memory Configuration

Name             Origin             Length             Attributes
RAM              0x20000000         0x00044000         xrw
FLASH            0x08000000         0x00080000         xr
*default*        0x00000000         0xffffffff

Linker script and memory map

LOAD C:/ST/STM32CubeIDE_1.18.0/STM32CubeIDE/plugins/com.st.stm32cube.ide.mcu.externaltools.gnu-tools-for-stm32.13.3.rel1.win32_1.0.0.202411081344/tools/bin/../lib/gcc/arm-none-eabi/13.3.1/thumb/v8-m.main+fp/hard/crti.o
LOAD C:/ST/STM32CubeIDE_1.18.0/STM32CubeIDE/plugins/com.st.stm32cube.ide.mcu.externaltools.gnu-tools-for-stm32.13.3.rel1.win32_1.0.0.202411081344/tools/bin/../lib/gcc/arm-none-eabi/13.3.1/thumb/v8-m.main+fp/hard/crtbegin.o
LOAD C:/ST/STM32CubeIDE_1.18.0/STM32CubeIDE/plugins/com.st.stm32cube.ide.mcu.externaltools.gnu-tools-for-stm32.13.3.rel1.win32_1.0.0.202411081344/tools/bin/../lib/gcc/arm-none-eabi/13.3.1/../../../../arm-none-eabi/lib/thumb/v8-m.main+fp/hard/crt0.o
LOAD ./Core/Src/main.o
LOAD ./Core/Src/my_hal.o
LOAD ./Core/Src/my_spi.o
LOAD ./Core/Src/stm32h5xx_hal_msp.o
LOAD ./Core/Src/stm32h5xx_it.o
LOAD ./Core/Src/syscalls.o
LOAD ./Core/Src/sysmem.o
LOAD ./Core/Src/system_stm32h5xx.o
LOAD ./Core/Startup/startup_stm32h533retx.o
LOAD ./Drivers/STM32H5xx_HAL_Driver/Src/stm32h5xx_hal.o
LOAD ./Drivers/STM32H5xx_HAL_Driver/Src/stm32h5xx_hal_cortex.o
LOAD ./Drivers/STM32H5xx_HAL_Driver/Src/stm32h5xx_hal_dma.o
LOAD ./Drivers/STM32H5xx_HAL_Driver/Src/stm32h5xx_hal_dma_ex.o
LOAD ./Drivers/STM32H5xx_HAL_Driver/Src/stm32h5xx_hal_exti.o
LOAD ./Drivers/STM32H5xx_HAL_Driver/Src/stm32h5xx_hal_flash.o
LOAD ./Drivers/STM32H5xx_HAL_Driver/Src/stm32h5xx_hal_flash_ex.o
LOAD ./Drivers/STM32H5xx_HAL_Driver/Src/stm32h5xx_hal_gpio.o
LOAD ./Drivers/STM32H5xx_HAL_Driver/Src/stm32h5xx_hal_pwr.o
LOAD ./Drivers/STM32H5xx_HAL_Driver/Src/stm32h5xx_hal_pwr_ex.o
LOAD ./Drivers/STM32H5xx_HAL_Driver/Src/stm32h5xx_hal_rcc.o
LOAD ./Drivers/STM32H5xx_HAL_Driver/Src/stm32h5xx_hal_rcc_ex.o
LOAD ./Drivers/STM32H5xx_HAL_Driver/Src/stm32h5xx_hal_uart.o
LOAD ./Drivers/STM32H5xx_HAL_Driver/Src/stm32h5xx_hal_uart_ex.o
LOAD ./Drivers/STM32H5xx_HAL_Driver/Src/stm32h5xx_hal_xspi.o
LOAD ./Drivers/STM32H5xx_HAL_Driver/Src/stm32h5xx_ll_dlyb.o
START GROUP
LOAD C:/ST/STM32CubeIDE_1.18.0/STM32CubeIDE/plugins/com.st.stm32cube.ide.mcu.externaltools.gnu-tools-for-stm32.13.3.rel1.win32_1.0.0.202411081344/tools/bin/../lib/gcc/arm-none-eabi/13.3.1/../../../../arm-none-eabi/lib/thumb/v8-m.main+fp/hard\libc_nano.a
LOAD C:/ST/STM32CubeIDE_1.18.0/STM32CubeIDE/plugins/com.st.stm32cube.ide.mcu.externaltools.gnu-tools-for-stm32.13.3.rel1.win32_1.0.0.202411081344/tools/bin/../lib/gcc/arm-none-eabi/13.3.1/../../../../arm-none-eabi/lib/thumb/v8-m.main+fp/hard\libm.a
END GROUP
START GROUP
LOAD C:/ST/STM32CubeIDE_1.18.0/STM32CubeIDE/plugins/com.st.stm32cube.ide.mcu.externaltools.gnu-tools-for-stm32.13.3.rel1.win32_1.0.0.202411081344/tools/bin/../lib/gcc/arm-none-eabi/13.3.1/thumb/v8-m.main+fp/hard\libgcc.a
LOAD C:/ST/STM32CubeIDE_1.18.0/STM32CubeIDE/plugins/com.st.stm32cube.ide.mcu.externaltools.gnu-tools-for-stm32.13.3.rel1.win32_1.0.0.202411081344/tools/bin/../lib/gcc/arm-none-eabi/13.3.1/../../../../arm-none-eabi/lib/thumb/v8-m.main+fp/hard\libc_nano.a
END GROUP
START GROUP
LOAD C:/ST/STM32CubeIDE_1.18.0/STM32CubeIDE/plugins/com.st.stm32cube.ide.mcu.externaltools.gnu-tools-for-stm32.13.3.rel1.win32_1.0.0.202411081344/tools/bin/../lib/gcc/arm-none-eabi/13.3.1/thumb/v8-m.main+fp/hard\libgcc.a
LOAD C:/ST/STM32CubeIDE_1.18.0/STM32CubeIDE/plugins/com.st.stm32cube.ide.mcu.externaltools.gnu-tools-for-stm32.13.3.rel1.win32_1.0.0.202411081344/tools/bin/../lib/gcc/arm-none-eabi/13.3.1/../../../../arm-none-eabi/lib/thumb/v8-m.main+fp/hard\libc_nano.a
LOAD C:/ST/STM32CubeIDE_1.18.0/STM32CubeIDE/plugins/com.st.stm32cube.ide.mcu.externaltools.gnu-tools-for-stm32.13.3.rel1.win32_1.0.0.202411081344/tools/bin/../lib/gcc/arm-none-eabi/13.3.1/../../../../arm-none-eabi/lib/thumb/v8-m.main+fp/hard\libnosys.a
END GROUP
START GROUP
LOAD C:/ST/STM32CubeIDE_1.18.0/STM32CubeIDE/plugins/com.st.stm32cube.ide.mcu.externaltools.gnu-tools-for-stm32.13.3.rel1.win32_1.0.0.202411081344/tools/bin/../lib/gcc/arm-none-eabi/13.3.1/thumb/v8-m.main+fp/hard\libgcc.a
LOAD C:/ST/STM32CubeIDE_1.18.0/STM32CubeIDE/plugins/com.st.stm32cube.ide.mcu.externaltools.gnu-tools-for-stm32.13.3.rel1.win32_1.0.0.202411081344/tools/bin/../lib/gcc/arm-none-eabi/13.3.1/../../../../arm-none-eabi/lib/thumb/v8-m.main+fp/hard\libc_nano.a
LOAD C:/ST/STM32CubeIDE_1.18.0/STM32CubeIDE/plugins/com.st.stm32cube.ide.mcu.externaltools.gnu-tools-for-stm32.13.3.rel1.win32_1.0.0.202411081344/tools/bin/../lib/gcc/arm-none-eabi/13.3.1/../../../../arm-none-eabi/lib/thumb/v8-m.main+fp/hard\libnosys.a
END GROUP
LOAD C:/ST/STM32CubeIDE_1.18.0/STM32CubeIDE/plugins/com.st.stm32cube.ide.mcu.externaltools.gnu-tools-for-stm32.13.3.rel1.win32_1.0.0.202411081344/tools/bin/../lib/gcc/arm-none-eabi/13.3.1/thumb/v8-m.main+fp/hard/crtend.o
LOAD C:/ST/STM32CubeIDE_1.18.0/STM32CubeIDE/plugins/com.st.stm32cube.ide.mcu.externaltools.gnu-tools-for-stm32.13.3.rel1.win32_1.0.0.202411081344/tools/bin/../lib/gcc/arm-none-eabi/13.3.1/thumb/v8-m.main+fp/hard/crtn.o
                0x20044000                        _estack = (ORIGIN (RAM) + LENGTH (RAM))
                0x00000200                        _Min_Heap_Size = 0x200
                0x00000400                        _Min_Stack_Size = 0x400

.isr_vector     0x08000000      0x254
                0x08000000                        . = ALIGN (0x4)
 *(.isr_vector)
 .isr_vector    0x08000000      0x254 ./Core/Startup/startup_stm32h533retx.o
                0x08000000                g_pfnVectors
                0x08000254                        . = ALIGN (0x4)

.text           0x08000254     0x6b98
                0x08000254                        . = ALIGN (0x4)
 *(.text)
 .text          0x08000254       0x40 C:/ST/STM32CubeIDE_1.18.0/STM32CubeIDE/plugins/com.st.stm32cube.ide.mcu.externaltools.gnu-tools-for-stm32.13.3.rel1.win32_1.0.0.202411081344/tools/bin/../lib/gcc/arm-none-eabi/13.3.1/thumb/v8-m.main+fp/hard/crtbegin.o
 .text          0x08000294       0x10 C:/ST/STM32CubeIDE_1.18.0/STM32CubeIDE/plugins/com.st.stm32cube.ide.mcu.externaltools.gnu-tools-for-stm32.13.3.rel1.win32_1.0.0.202411081344/tools/bin/../lib/gcc/arm-none-eabi/13.3.1/../../../../arm-none-eabi/lib/thumb/v8-m.main+fp/hard\libc_nano.a(libc_a-strlen.o)
                0x08000294                strlen
 .text          0x080002a4       0x30 C:/ST/STM32CubeIDE_1.18.0/STM32CubeIDE/plugins/com.st.stm32cube.ide.mcu.externaltools.gnu-tools-for-stm32.13.3.rel1.win32_1.0.0.202411081344/tools/bin/../lib/gcc/arm-none-eabi/13.3.1/thumb/v8-m.main+fp/hard\libgcc.a(_aeabi_uldivmod.o)
                0x080002a4                __aeabi_uldivmod
 .text          0x080002d4      0x348 C:/ST/STM32CubeIDE_1.18.0/STM32CubeIDE/plugins/com.st.stm32cube.ide.mcu.externaltools.gnu-tools-for-stm32.13.3.rel1.win32_1.0.0.202411081344/tools/bin/../lib/gcc/arm-none-eabi/13.3.1/thumb/v8-m.main+fp/hard\libgcc.a(_udivmoddi4.o)
                0x080002d4                __udivmoddi4
 .text          0x0800061c        0x4 C:/ST/STM32CubeIDE_1.18.0/STM32CubeIDE/plugins/com.st.stm32cube.ide.mcu.externaltools.gnu-tools-for-stm32.13.3.rel1.win32_1.0.0.202411081344/tools/bin/../lib/gcc/arm-none-eabi/13.3.1/thumb/v8-m.main+fp/hard\libgcc.a(_dvmd_tls.o)
                0x0800061c                __aeabi_idiv0
                0x0800061c                __aeabi_ldiv0
 *(.text*)
 .text.main     0x08000620       0x94 ./Core/Src/main.o
                0x08000620                main
 .text.SystemClock_Config
                0x080006b4       0xe0 ./Core/Src/main.o
                0x080006b4                SystemClock_Config
 .text.MX_OCTOSPI1_Init
                0x08000794       0x7c ./Core/Src/main.o
 .text.MX_USART2_UART_Init
                0x08000810       0x98 ./Core/Src/main.o
 .text.MX_GPIO_Init
                0x080008a8       0xfc ./Core/Src/main.o
 .text.Error_Handler
                0x080009a4        0xc ./Core/Src/main.o
                0x080009a4                Error_Handler
 .text.uart_print
                0x080009b0       0x3c ./Core/Src/my_hal.o
                0x080009b0                uart_print
 .text.set_spi_command
                0x080009ec       0xb6 ./Core/Src/my_spi.o
                0x080009ec                set_spi_command
 .text.reset    0x08000aa2      0x118 ./Core/Src/my_spi.o
                0x08000aa2                reset
 .text.HAL_MspInit
                0x08000bba        0xe ./Core/Src/stm32h5xx_hal_msp.o
                0x08000bba                HAL_MspInit
 .text.HAL_XSPI_MspInit
                0x08000bc8      0x19c ./Core/Src/stm32h5xx_hal_msp.o
                0x08000bc8                HAL_XSPI_MspInit
 .text.HAL_UART_MspInit
                0x08000d64       0xd0 ./Core/Src/stm32h5xx_hal_msp.o
                0x08000d64                HAL_UART_MspInit
 .text.NMI_Handler
                0x08000e34        0x8 ./Core/Src/stm32h5xx_it.o
                0x08000e34                NMI_Handler
 .text.HardFault_Handler
                0x08000e3c        0x8 ./Core/Src/stm32h5xx_it.o
                0x08000e3c                HardFault_Handler
 .text.MemManage_Handler
                0x08000e44        0x8 ./Core/Src/stm32h5xx_it.o
                0x08000e44                MemManage_Handler
 .text.BusFault_Handler
                0x08000e4c        0x8 ./Core/Src/stm32h5xx_it.o
                0x08000e4c                BusFault_Handler
 .text.UsageFault_Handler
                0x08000e54        0x8 ./Core/Src/stm32h5xx_it.o
                0x08000e54                UsageFault_Handler
 .text.SVC_Handler
                0x08000e5c        0xe ./Core/Src/stm32h5xx_it.o
                0x08000e5c                SVC_Handler
 .text.DebugMon_Handler
                0x08000e6a        0xe ./Core/Src/stm32h5xx_it.o
                0x08000e6a                DebugMon_Handler
 .text.PendSV_Handler
                0x08000e78        0xe ./Core/Src/stm32h5xx_it.o
                0x08000e78                PendSV_Handler
 .text.SysTick_Handler
                0x08000e86        0xc ./Core/Src/stm32h5xx_it.o
                0x08000e86                SysTick_Handler
 *fill*         0x08000e92        0x2 
 .text.SystemInit
                0x08000e94       0xf8 ./Core/Src/system_stm32h5xx.o
                0x08000e94                SystemInit
 .text.Reset_Handler
                0x08000f8c       0x50 ./Core/Startup/startup_stm32h533retx.o
                0x08000f8c                Reset_Handler
 .text.Default_Handler
                0x08000fdc        0x2 ./Core/Startup/startup_stm32h533retx.o
                0x08000fdc                EXTI2_IRQHandler
                0x08000fdc                TIM8_TRG_COM_IRQHandler
                0x08000fdc                TIM8_CC_IRQHandler
                0x08000fdc                EXTI5_IRQHandler
                0x08000fdc                I3C1_ER_IRQHandler
                0x08000fdc                SPI4_IRQHandler
                0x08000fdc                GPDMA2_Channel1_IRQHandler
                0x08000fdc                FLASH_S_IRQHandler
                0x08000fdc                EXTI13_IRQHandler
                0x08000fdc                TIM1_CC_IRQHandler
                0x08000fdc                GPDMA2_Channel3_IRQHandler
                0x08000fdc                TAMP_IRQHandler
                0x08000fdc                TIM6_IRQHandler
                0x08000fdc                EXTI12_IRQHandler
                0x08000fdc                USB_DRD_FS_IRQHandler
                0x08000fdc                EXTI3_IRQHandler
                0x08000fdc                GPDMA1_Channel5_IRQHandler
                0x08000fdc                EXTI8_IRQHandler
                0x08000fdc                GPDMA2_Channel5_IRQHandler
                0x08000fdc                LPTIM2_IRQHandler
                0x08000fdc                I2C3_ER_IRQHandler
                0x08000fdc                GPDMA2_Channel2_IRQHandler
                0x08000fdc                EXTI0_IRQHandler
                0x08000fdc                I2C2_EV_IRQHandler
                0x08000fdc                FPU_IRQHandler
                0x08000fdc                GPDMA1_Channel3_IRQHandler
                0x08000fdc                GPDMA1_Channel7_IRQHandler
                0x08000fdc                FDCAN1_IT1_IRQHandler
                0x08000fdc                RAMCFG_IRQHandler
                0x08000fdc                DCACHE1_IRQHandler
                0x08000fdc                SPI1_IRQHandler
                0x08000fdc                OCTOSPI1_IRQHandler
                0x08000fdc                GPDMA1_Channel2_IRQHandler
                0x08000fdc                TIM8_UP_IRQHandler
                0x08000fdc                RCC_S_IRQHandler
                0x08000fdc                ADC1_IRQHandler
                0x08000fdc                PKA_IRQHandler
                0x08000fdc                USART6_IRQHandler
                0x08000fdc                I3C2_ER_IRQHandler
                0x08000fdc                EXTI15_IRQHandler
                0x08000fdc                USART3_IRQHandler
                0x08000fdc                RTC_IRQHandler
                0x08000fdc                EXTI9_IRQHandler
                0x08000fdc                UART5_IRQHandler
                0x08000fdc                TIM4_IRQHandler
                0x08000fdc                I3C2_EV_IRQHandler
                0x08000fdc                I2C1_EV_IRQHandler
                0x08000fdc                GPDMA1_Channel1_IRQHandler
                0x08000fdc                UART4_IRQHandler
                0x08000fdc                SecureFault_Handler
                0x08000fdc                TIM3_IRQHandler
                0x08000fdc                RCC_IRQHandler
                0x08000fdc                TIM1_TRG_COM_IRQHandler
                0x08000fdc                Default_Handler
                0x08000fdc                CEC_IRQHandler
                0x08000fdc                OTFDEC1_IRQHandler
                0x08000fdc                GPDMA2_Channel4_IRQHandler
                0x08000fdc                TIM12_IRQHandler
                0x08000fdc                TIM7_IRQHandler
                0x08000fdc                SDMMC1_IRQHandler
                0x08000fdc                SAES_IRQHandler
                0x08000fdc                TIM5_IRQHandler
                0x08000fdc                UCPD1_IRQHandler
                0x08000fdc                GPDMA1_Channel0_IRQHandler
                0x08000fdc                I3C1_EV_IRQHandler
                0x08000fdc                TIM15_IRQHandler
                0x08000fdc                PVD_AVD_IRQHandler
                0x08000fdc                I2C3_EV_IRQHandler
                0x08000fdc                ADC2_IRQHandler
                0x08000fdc                SPI2_IRQHandler
                0x08000fdc                EXTI14_IRQHandler
                0x08000fdc                EXTI11_IRQHandler
                0x08000fdc                CRS_IRQHandler
                0x08000fdc                EXTI4_IRQHandler
                0x08000fdc                GPDMA2_Channel0_IRQHandler
                0x08000fdc                RTC_S_IRQHandler
                0x08000fdc                RNG_IRQHandler
                0x08000fdc                FDCAN2_IT1_IRQHandler
                0x08000fdc                GPDMA2_Channel6_IRQHandler
                0x08000fdc                TIM1_UP_IRQHandler
                0x08000fdc                WWDG_IRQHandler
                0x08000fdc                FDCAN2_IT0_IRQHandler
                0x08000fdc                IWDG_IRQHandler
                0x08000fdc                LPUART1_IRQHandler
                0x08000fdc                FDCAN1_IT0_IRQHandler
                0x08000fdc                TIM2_IRQHandler
                0x08000fdc                GPDMA1_Channel4_IRQHandler
                0x08000fdc                EXTI7_IRQHandler
                0x08000fdc                TIM1_BRK_IRQHandler
                0x08000fdc                EXTI1_IRQHandler
                0x08000fdc                AES_IRQHandler
                0x08000fdc                DAC1_IRQHandler
                0x08000fdc                DTS_IRQHandler
                0x08000fdc                GTZC_IRQHandler
                0x08000fdc                USART2_IRQHandler
                0x08000fdc                GPDMA1_Channel6_IRQHandler
                0x08000fdc                GPDMA2_Channel7_IRQHandler
                0x08000fdc                I2C2_ER_IRQHandler
                0x08000fdc                TIM8_BRK_IRQHandler
                0x08000fdc                FLASH_IRQHandler
                0x08000fdc                USART1_IRQHandler
                0x08000fdc                EXTI10_IRQHandler
                0x08000fdc                SPI3_IRQHandler
                0x08000fdc                I2C1_ER_IRQHandler
                0x08000fdc                FMC_IRQHandler
                0x08000fdc                EXTI6_IRQHandler
                0x08000fdc                LPTIM1_IRQHandler
                0x08000fdc                DCMI_PSSI_IRQHandler
                0x08000fdc                ICACHE_IRQHandler
                0x08000fdc                HASH_IRQHandler
 *fill*         0x08000fde        0x2 
 .text.HAL_Init
                0x08000fe0       0x50 ./Drivers/STM32H5xx_HAL_Driver/Src/stm32h5xx_hal.o
                0x08000fe0                HAL_Init
 .text.HAL_InitTick
                0x08001030       0xec ./Drivers/STM32H5xx_HAL_Driver/Src/stm32h5xx_hal.o
                0x08001030                HAL_InitTick
 .text.HAL_IncTick
                0x0800111c       0x28 ./Drivers/STM32H5xx_HAL_Driver/Src/stm32h5xx_hal.o
                0x0800111c                HAL_IncTick
 .text.HAL_GetTick
                0x08001144       0x18 ./Drivers/STM32H5xx_HAL_Driver/Src/stm32h5xx_hal.o
                0x08001144                HAL_GetTick
 .text.HAL_Delay
                0x0800115c       0x48 ./Drivers/STM32H5xx_HAL_Driver/Src/stm32h5xx_hal.o
                0x0800115c                HAL_Delay
 .text.__NVIC_SetPriorityGrouping
                0x080011a4       0x48 ./Drivers/STM32H5xx_HAL_Driver/Src/stm32h5xx_hal_cortex.o
 .text.__NVIC_GetPriorityGrouping
                0x080011ec       0x1c ./Drivers/STM32H5xx_HAL_Driver/Src/stm32h5xx_hal_cortex.o
 .text.__NVIC_SetPriority
                0x08001208       0x54 ./Drivers/STM32H5xx_HAL_Driver/Src/stm32h5xx_hal_cortex.o
 .text.NVIC_EncodePriority
                0x0800125c       0x66 ./Drivers/STM32H5xx_HAL_Driver/Src/stm32h5xx_hal_cortex.o
 .text.HAL_NVIC_SetPriorityGrouping
                0x080012c2       0x16 ./Drivers/STM32H5xx_HAL_Driver/Src/stm32h5xx_hal_cortex.o
                0x080012c2                HAL_NVIC_SetPriorityGrouping
 .text.HAL_NVIC_SetPriority
                0x080012d8       0x34 ./Drivers/STM32H5xx_HAL_Driver/Src/stm32h5xx_hal_cortex.o
                0x080012d8                HAL_NVIC_SetPriority
 .text.HAL_SYSTICK_Config
                0x0800130c       0x44 ./Drivers/STM32H5xx_HAL_Driver/Src/stm32h5xx_hal_cortex.o
                0x0800130c                HAL_SYSTICK_Config
 .text.HAL_SYSTICK_CLKSourceConfig
                0x08001350       0xb0 ./Drivers/STM32H5xx_HAL_Driver/Src/stm32h5xx_hal_cortex.o
                0x08001350                HAL_SYSTICK_CLKSourceConfig
 .text.HAL_SYSTICK_GetCLKSourceConfig
                0x08001400       0x6c ./Drivers/STM32H5xx_HAL_Driver/Src/stm32h5xx_hal_cortex.o
                0x08001400                HAL_SYSTICK_GetCLKSourceConfig
 .text.HAL_GPIO_Init
                0x0800146c      0x2bc ./Drivers/STM32H5xx_HAL_Driver/Src/stm32h5xx_hal_gpio.o
                0x0800146c                HAL_GPIO_Init
 .text.HAL_GPIO_WritePin
                0x08001728       0x30 ./Drivers/STM32H5xx_HAL_Driver/Src/stm32h5xx_hal_gpio.o
                0x08001728                HAL_GPIO_WritePin
 .text.HAL_RCC_OscConfig
                0x08001758      0x870 ./Drivers/STM32H5xx_HAL_Driver/Src/stm32h5xx_hal_rcc.o
                0x08001758                HAL_RCC_OscConfig
 .text.HAL_RCC_ClockConfig
                0x08001fc8      0x370 ./Drivers/STM32H5xx_HAL_Driver/Src/stm32h5xx_hal_rcc.o
                0x08001fc8                HAL_RCC_ClockConfig
 .text.HAL_RCC_GetSysClockFreq
                0x08002338      0x258 ./Drivers/STM32H5xx_HAL_Driver/Src/stm32h5xx_hal_rcc.o
                0x08002338                HAL_RCC_GetSysClockFreq
 .text.HAL_RCC_GetHCLKFreq
                0x08002590       0x38 ./Drivers/STM32H5xx_HAL_Driver/Src/stm32h5xx_hal_rcc.o
                0x08002590                HAL_RCC_GetHCLKFreq
 .text.HAL_RCC_GetPCLK1Freq
                0x080025c8       0x2c ./Drivers/STM32H5xx_HAL_Driver/Src/stm32h5xx_hal_rcc.o
                0x080025c8                HAL_RCC_GetPCLK1Freq
 .text.HAL_RCC_GetPCLK2Freq
                0x080025f4       0x2c ./Drivers/STM32H5xx_HAL_Driver/Src/stm32h5xx_hal_rcc.o
                0x080025f4                HAL_RCC_GetPCLK2Freq
 .text.HAL_RCC_GetPCLK3Freq
                0x08002620       0x2c ./Drivers/STM32H5xx_HAL_Driver/Src/stm32h5xx_hal_rcc.o
                0x08002620                HAL_RCC_GetPCLK3Freq
 .text.HAL_RCCEx_PeriphCLKConfig
                0x0800264c     0x1380 ./Drivers/STM32H5xx_HAL_Driver/Src/stm32h5xx_hal_rcc_ex.o
                0x0800264c                HAL_RCCEx_PeriphCLKConfig
 .text.HAL_RCCEx_GetPLL1ClockFreq
                0x080039cc      0x2d8 ./Drivers/STM32H5xx_HAL_Driver/Src/stm32h5xx_hal_rcc_ex.o
                0x080039cc                HAL_RCCEx_GetPLL1ClockFreq
 .text.HAL_RCCEx_GetPLL2ClockFreq
                0x08003ca4      0x2d8 ./Drivers/STM32H5xx_HAL_Driver/Src/stm32h5xx_hal_rcc_ex.o
                0x08003ca4                HAL_RCCEx_GetPLL2ClockFreq
 .text.HAL_RCCEx_GetPLL3ClockFreq
                0x08003f7c      0x2d8 ./Drivers/STM32H5xx_HAL_Driver/Src/stm32h5xx_hal_rcc_ex.o
                0x08003f7c                HAL_RCCEx_GetPLL3ClockFreq
 .text.HAL_RCCEx_GetPeriphCLKFreq
                0x08004254     0x16a0 ./Drivers/STM32H5xx_HAL_Driver/Src/stm32h5xx_hal_rcc_ex.o
                0x08004254                HAL_RCCEx_GetPeriphCLKFreq
 .text.RCCEx_PLL2_Config
                0x080058f4      0x130 ./Drivers/STM32H5xx_HAL_Driver/Src/stm32h5xx_hal_rcc_ex.o
 .text.RCCEx_PLL3_Config
                0x08005a24      0x130 ./Drivers/STM32H5xx_HAL_Driver/Src/stm32h5xx_hal_rcc_ex.o
 .text.HAL_UART_Init
                0x08005b54       0xa0 ./Drivers/STM32H5xx_HAL_Driver/Src/stm32h5xx_hal_uart.o
                0x08005b54                HAL_UART_Init
 .text.HAL_UART_Transmit
                0x08005bf4      0x13c ./Drivers/STM32H5xx_HAL_Driver/Src/stm32h5xx_hal_uart.o
                0x08005bf4                HAL_UART_Transmit
 .text.UART_SetConfig
                0x08005d30      0x35c ./Drivers/STM32H5xx_HAL_Driver/Src/stm32h5xx_hal_uart.o
                0x08005d30                UART_SetConfig
 .text.UART_AdvFeatureConfig
                0x0800608c      0x144 ./Drivers/STM32H5xx_HAL_Driver/Src/stm32h5xx_hal_uart.o
                0x0800608c                UART_AdvFeatureConfig
 .text.UART_CheckIdleState
                0x080061d0      0x154 ./Drivers/STM32H5xx_HAL_Driver/Src/stm32h5xx_hal_uart.o
                0x080061d0                UART_CheckIdleState
 .text.UART_WaitOnFlagUntilTimeout
                0x08006324       0xda ./Drivers/STM32H5xx_HAL_Driver/Src/stm32h5xx_hal_uart.o
                0x08006324                UART_WaitOnFlagUntilTimeout
 .text.UART_EndRxTransfer
                0x080063fe       0xcc ./Drivers/STM32H5xx_HAL_Driver/Src/stm32h5xx_hal_uart.o
 .text.HAL_UARTEx_DisableFifoMode
                0x080064ca       0x72 ./Drivers/STM32H5xx_HAL_Driver/Src/stm32h5xx_hal_uart_ex.o
                0x080064ca                HAL_UARTEx_DisableFifoMode
 .text.HAL_UARTEx_SetTxFifoThreshold
                0x0800653c       0x7c ./Drivers/STM32H5xx_HAL_Driver/Src/stm32h5xx_hal_uart_ex.o
                0x0800653c                HAL_UARTEx_SetTxFifoThreshold
 .text.HAL_UARTEx_SetRxFifoThreshold
                0x080065b8       0x7c ./Drivers/STM32H5xx_HAL_Driver/Src/stm32h5xx_hal_uart_ex.o
                0x080065b8                HAL_UARTEx_SetRxFifoThreshold
 .text.UARTEx_SetNbDataToProcess
                0x08006634       0x9c ./Drivers/STM32H5xx_HAL_Driver/Src/stm32h5xx_hal_uart_ex.o
 .text.HAL_XSPI_Init
                0x080066d0      0x1b0 ./Drivers/STM32H5xx_HAL_Driver/Src/stm32h5xx_hal_xspi.o
                0x080066d0                HAL_XSPI_Init
 .text.HAL_XSPI_Command
                0x08006880      0x120 ./Drivers/STM32H5xx_HAL_Driver/Src/stm32h5xx_hal_xspi.o
                0x08006880                HAL_XSPI_Command
 .text.HAL_XSPI_SetTimeout
                0x080069a0       0x1e ./Drivers/STM32H5xx_HAL_Driver/Src/stm32h5xx_hal_xspi.o
                0x080069a0                HAL_XSPI_SetTimeout
 .text.XSPI_WaitFlagStateUntilTimeout
                0x080069be       0x6c ./Drivers/STM32H5xx_HAL_Driver/Src/stm32h5xx_hal_xspi.o
 *fill*         0x08006a2a        0x2 
 .text.XSPI_ConfigCmd
                0x08006a2c      0x350 ./Drivers/STM32H5xx_HAL_Driver/Src/stm32h5xx_hal_xspi.o
 .text.memset   0x08006d7c       0x10 C:/ST/STM32CubeIDE_1.18.0/STM32CubeIDE/plugins/com.st.stm32cube.ide.mcu.externaltools.gnu-tools-for-stm32.13.3.rel1.win32_1.0.0.202411081344/tools/bin/../lib/gcc/arm-none-eabi/13.3.1/../../../../arm-none-eabi/lib/thumb/v8-m.main+fp/hard\libc_nano.a(libc_a-memset.o)
                0x08006d7c                memset
 .text.__libc_init_array
                0x08006d8c       0x48 C:/ST/STM32CubeIDE_1.18.0/STM32CubeIDE/plugins/com.st.stm32cube.ide.mcu.externaltools.gnu-tools-for-stm32.13.3.rel1.win32_1.0.0.202411081344/tools/bin/../lib/gcc/arm-none-eabi/13.3.1/../../../../arm-none-eabi/lib/thumb/v8-m.main+fp/hard\libc_nano.a(libc_a-init.o)
                0x08006d8c                __libc_init_array
 *(.glue_7)
 .glue_7        0x08006dd4        0x0 linker stubs
 *(.glue_7t)
 .glue_7t       0x08006dd4        0x0 linker stubs
 *(.eh_frame)
 .eh_frame      0x08006dd4        0x0 C:/ST/STM32CubeIDE_1.18.0/STM32CubeIDE/plugins/com.st.stm32cube.ide.mcu.externaltools.gnu-tools-for-stm32.13.3.rel1.win32_1.0.0.202411081344/tools/bin/../lib/gcc/arm-none-eabi/13.3.1/thumb/v8-m.main+fp/hard/crtbegin.o
 *(.init)
 .init          0x08006dd4        0x4 C:/ST/STM32CubeIDE_1.18.0/STM32CubeIDE/plugins/com.st.stm32cube.ide.mcu.externaltools.gnu-tools-for-stm32.13.3.rel1.win32_1.0.0.202411081344/tools/bin/../lib/gcc/arm-none-eabi/13.3.1/thumb/v8-m.main+fp/hard/crti.o
                0x08006dd4                _init
 .init          0x08006dd8        0x8 C:/ST/STM32CubeIDE_1.18.0/STM32CubeIDE/plugins/com.st.stm32cube.ide.mcu.externaltools.gnu-tools-for-stm32.13.3.rel1.win32_1.0.0.202411081344/tools/bin/../lib/gcc/arm-none-eabi/13.3.1/thumb/v8-m.main+fp/hard/crtn.o
 *(.fini)
 .fini          0x08006de0        0x4 C:/ST/STM32CubeIDE_1.18.0/STM32CubeIDE/plugins/com.st.stm32cube.ide.mcu.externaltools.gnu-tools-for-stm32.13.3.rel1.win32_1.0.0.202411081344/tools/bin/../lib/gcc/arm-none-eabi/13.3.1/thumb/v8-m.main+fp/hard/crti.o
                0x08006de0                _fini
 .fini          0x08006de4        0x8 C:/ST/STM32CubeIDE_1.18.0/STM32CubeIDE/plugins/com.st.stm32cube.ide.mcu.externaltools.gnu-tools-for-stm32.13.3.rel1.win32_1.0.0.202411081344/tools/bin/../lib/gcc/arm-none-eabi/13.3.1/thumb/v8-m.main+fp/hard/crtn.o
                0x08006dec                        . = ALIGN (0x4)
                0x08006dec                        _etext = .

.vfp11_veneer   0x08006dec        0x0
 .vfp11_veneer  0x08006dec        0x0 linker stubs

.v4_bx          0x08006dec        0x0
 .v4_bx         0x08006dec        0x0 linker stubs

.iplt           0x08006dec        0x0
 .iplt          0x08006dec        0x0 C:/ST/STM32CubeIDE_1.18.0/STM32CubeIDE/plugins/com.st.stm32cube.ide.mcu.externaltools.gnu-tools-for-stm32.13.3.rel1.win32_1.0.0.202411081344/tools/bin/../lib/gcc/arm-none-eabi/13.3.1/thumb/v8-m.main+fp/hard/crtbegin.o

.rodata         0x08006dec       0x80
                0x08006dec                        . = ALIGN (0x4)
 *(.rodata)
 .rodata        0x08006dec       0x3f ./Core/Src/main.o
 *(.rodata*)
 *fill*         0x08006e2b        0x1 
 .rodata.AHBPrescTable
                0x08006e2c       0x10 ./Core/Src/system_stm32h5xx.o
                0x08006e2c                AHBPrescTable
 .rodata.APBPrescTable
                0x08006e3c        0x8 ./Core/Src/system_stm32h5xx.o
                0x08006e3c                APBPrescTable
 .rodata.UARTPrescTable
                0x08006e44       0x18 ./Drivers/STM32H5xx_HAL_Driver/Src/stm32h5xx_hal_uart.o
                0x08006e44                UARTPrescTable
 .rodata.numerator.1
                0x08006e5c        0x8 ./Drivers/STM32H5xx_HAL_Driver/Src/stm32h5xx_hal_uart_ex.o
 .rodata.denominator.0
                0x08006e64        0x8 ./Drivers/STM32H5xx_HAL_Driver/Src/stm32h5xx_hal_uart_ex.o
                0x08006e6c                        . = ALIGN (0x4)

.ARM.extab      0x08006e6c        0x0
                0x08006e6c                        . = ALIGN (0x4)
 *(.ARM.extab* .gnu.linkonce.armextab.*)
                0x08006e6c                        . = ALIGN (0x4)

.ARM            0x08006e6c        0x8
                0x08006e6c                        . = ALIGN (0x4)
                0x08006e6c                        __exidx_start = .
 *(.ARM.exidx*)
 .ARM.exidx     0x08006e6c        0x8 C:/ST/STM32CubeIDE_1.18.0/STM32CubeIDE/plugins/com.st.stm32cube.ide.mcu.externaltools.gnu-tools-for-stm32.13.3.rel1.win32_1.0.0.202411081344/tools/bin/../lib/gcc/arm-none-eabi/13.3.1/../../../../arm-none-eabi/lib/thumb/v8-m.main+fp/hard\libc_nano.a(libc_a-strlen.o)
 .ARM.exidx     0x08006e74        0x0 C:/ST/STM32CubeIDE_1.18.0/STM32CubeIDE/plugins/com.st.stm32cube.ide.mcu.externaltools.gnu-tools-for-stm32.13.3.rel1.win32_1.0.0.202411081344/tools/bin/../lib/gcc/arm-none-eabi/13.3.1/thumb/v8-m.main+fp/hard\libgcc.a(_udivmoddi4.o)
                                  0x8 (size before relaxing)
                0x08006e74                        __exidx_end = .
                0x08006e74                        . = ALIGN (0x4)

.preinit_array  0x08006e74        0x0
                0x08006e74                        . = ALIGN (0x4)
                0x08006e74                        PROVIDE (__preinit_array_start = .)
 *(.preinit_array*)
                0x08006e74                        PROVIDE (__preinit_array_end = .)
                0x08006e74                        . = ALIGN (0x4)

.init_array     0x08006e74        0x4
                0x08006e74                        . = ALIGN (0x4)
                0x08006e74                        PROVIDE (__init_array_start = .)
 *(SORT_BY_NAME(.init_array.*))
 *(.init_array*)
 .init_array    0x08006e74        0x4 C:/ST/STM32CubeIDE_1.18.0/STM32CubeIDE/plugins/com.st.stm32cube.ide.mcu.externaltools.gnu-tools-for-stm32.13.3.rel1.win32_1.0.0.202411081344/tools/bin/../lib/gcc/arm-none-eabi/13.3.1/thumb/v8-m.main+fp/hard/crtbegin.o
                0x08006e78                        PROVIDE (__init_array_end = .)
                0x08006e78                        . = ALIGN (0x4)

.fini_array     0x08006e78        0x4
                0x08006e78                        . = ALIGN (0x4)
                [!provide]                        PROVIDE (__fini_array_start = .)
 *(SORT_BY_NAME(.fini_array.*))
 *(.fini_array*)
 .fini_array    0x08006e78        0x4 C:/ST/STM32CubeIDE_1.18.0/STM32CubeIDE/plugins/com.st.stm32cube.ide.mcu.externaltools.gnu-tools-for-stm32.13.3.rel1.win32_1.0.0.202411081344/tools/bin/../lib/gcc/arm-none-eabi/13.3.1/thumb/v8-m.main+fp/hard/crtbegin.o
                [!provide]                        PROVIDE (__fini_array_end = .)
                0x08006e7c                        . = ALIGN (0x4)
                0x08006e7c                        _sidata = LOADADDR (.data)

.rel.dyn        0x08006e7c        0x0
 .rel.iplt      0x08006e7c        0x0 C:/ST/STM32CubeIDE_1.18.0/STM32CubeIDE/plugins/com.st.stm32cube.ide.mcu.externaltools.gnu-tools-for-stm32.13.3.rel1.win32_1.0.0.202411081344/tools/bin/../lib/gcc/arm-none-eabi/13.3.1/thumb/v8-m.main+fp/hard/crtbegin.o

.data           0x20000000        0xc load address 0x08006e7c
                0x20000000                        . = ALIGN (0x4)
                0x20000000                        _sdata = .
 *(.data)
 *(.data*)
 .data.SystemCoreClock
                0x20000000        0x4 ./Core/Src/system_stm32h5xx.o
                0x20000000                SystemCoreClock
 .data.uwTickPrio
                0x20000004        0x4 ./Drivers/STM32H5xx_HAL_Driver/Src/stm32h5xx_hal.o
                0x20000004                uwTickPrio
 .data.uwTickFreq
                0x20000008        0x1 ./Drivers/STM32H5xx_HAL_Driver/Src/stm32h5xx_hal.o
                0x20000008                uwTickFreq
 *(.RamFunc)
 *(.RamFunc*)
                0x2000000c                        . = ALIGN (0x4)
 *fill*         0x20000009        0x3 
                0x2000000c                        _edata = .

.igot.plt       0x2000000c        0x0 load address 0x08006e88
 .igot.plt      0x2000000c        0x0 C:/ST/STM32CubeIDE_1.18.0/STM32CubeIDE/plugins/com.st.stm32cube.ide.mcu.externaltools.gnu-tools-for-stm32.13.3.rel1.win32_1.0.0.202411081344/tools/bin/../lib/gcc/arm-none-eabi/13.3.1/thumb/v8-m.main+fp/hard/crtbegin.o
                0x2000000c                        . = ALIGN (0x4)

.bss            0x2000000c      0x110 load address 0x08006e88
                0x2000000c                        _sbss = .
                0x2000000c                        __bss_start__ = _sbss
 *(.bss)
 .bss           0x2000000c       0x1c C:/ST/STM32CubeIDE_1.18.0/STM32CubeIDE/plugins/com.st.stm32cube.ide.mcu.externaltools.gnu-tools-for-stm32.13.3.rel1.win32_1.0.0.202411081344/tools/bin/../lib/gcc/arm-none-eabi/13.3.1/thumb/v8-m.main+fp/hard/crtbegin.o
 *(.bss*)
 .bss.hospi1    0x20000028       0x5c ./Core/Src/main.o
                0x20000028                hospi1
 .bss.huart2    0x20000084       0x94 ./Core/Src/main.o
                0x20000084                huart2
 .bss.uwTick    0x20000118        0x4 ./Drivers/STM32H5xx_HAL_Driver/Src/stm32h5xx_hal.o
                0x20000118                uwTick
 *(COMMON)
                0x2000011c                        . = ALIGN (0x4)
                0x2000011c                        _ebss = .
                0x2000011c                        __bss_end__ = _ebss

._user_heap_stack
                0x2000011c      0x604 load address 0x08006e88
                0x20000120                        . = ALIGN (0x8)
 *fill*         0x2000011c        0x4 
                [!provide]                        PROVIDE (end = .)
                0x20000120                        PROVIDE (_end = .)
                0x20000320                        . = (. + _Min_Heap_Size)
 *fill*         0x20000120      0x200 
                0x20000720                        . = (. + _Min_Stack_Size)
 *fill*         0x20000320      0x400 
                0x20000720                        . = ALIGN (0x8)

/DISCARD/
 libc.a(*)
 libm.a(*)
 libgcc.a(*)

.ARM.attributes
                0x00000000       0x36
 *(.ARM.attributes)
 .ARM.attributes
                0x00000000       0x26 C:/ST/STM32CubeIDE_1.18.0/STM32CubeIDE/plugins/com.st.stm32cube.ide.mcu.externaltools.gnu-tools-for-stm32.13.3.rel1.win32_1.0.0.202411081344/tools/bin/../lib/gcc/arm-none-eabi/13.3.1/thumb/v8-m.main+fp/hard/crti.o
 .ARM.attributes
                0x00000026       0x38 C:/ST/STM32CubeIDE_1.18.0/STM32CubeIDE/plugins/com.st.stm32cube.ide.mcu.externaltools.gnu-tools-for-stm32.13.3.rel1.win32_1.0.0.202411081344/tools/bin/../lib/gcc/arm-none-eabi/13.3.1/thumb/v8-m.main+fp/hard/crtbegin.o
 .ARM.attributes
                0x0000005e       0x3a ./Core/Src/main.o
 .ARM.attributes
                0x00000098       0x3a ./Core/Src/my_hal.o
 .ARM.attributes
                0x000000d2       0x3a ./Core/Src/my_spi.o
 .ARM.attributes
                0x0000010c       0x3a ./Core/Src/stm32h5xx_hal_msp.o
 .ARM.attributes
                0x00000146       0x3a ./Core/Src/stm32h5xx_it.o
 .ARM.attributes
                0x00000180       0x3a ./Core/Src/system_stm32h5xx.o
 .ARM.attributes
                0x000001ba       0x24 ./Core/Startup/startup_stm32h533retx.o
 .ARM.attributes
                0x000001de       0x3a ./Drivers/STM32H5xx_HAL_Driver/Src/stm32h5xx_hal.o
 .ARM.attributes
                0x00000218       0x3a ./Drivers/STM32H5xx_HAL_Driver/Src/stm32h5xx_hal_cortex.o
 .ARM.attributes
                0x00000252       0x3a ./Drivers/STM32H5xx_HAL_Driver/Src/stm32h5xx_hal_gpio.o
 .ARM.attributes
                0x0000028c       0x3a ./Drivers/STM32H5xx_HAL_Driver/Src/stm32h5xx_hal_rcc.o
 .ARM.attributes
                0x000002c6       0x3a ./Drivers/STM32H5xx_HAL_Driver/Src/stm32h5xx_hal_rcc_ex.o
 .ARM.attributes
                0x00000300       0x3a ./Drivers/STM32H5xx_HAL_Driver/Src/stm32h5xx_hal_uart.o
 .ARM.attributes
                0x0000033a       0x3a ./Drivers/STM32H5xx_HAL_Driver/Src/stm32h5xx_hal_uart_ex.o
 .ARM.attributes
                0x00000374       0x3a ./Drivers/STM32H5xx_HAL_Driver/Src/stm32h5xx_hal_xspi.o
 .ARM.attributes
                0x000003ae       0x38 C:/ST/STM32CubeIDE_1.18.0/STM32CubeIDE/plugins/com.st.stm32cube.ide.mcu.externaltools.gnu-tools-for-stm32.13.3.rel1.win32_1.0.0.202411081344/tools/bin/../lib/gcc/arm-none-eabi/13.3.1/../../../../arm-none-eabi/lib/thumb/v8-m.main+fp/hard\libc_nano.a(libc_a-memset.o)
 .ARM.attributes
                0x000003e6       0x38 C:/ST/STM32CubeIDE_1.18.0/STM32CubeIDE/plugins/com.st.stm32cube.ide.mcu.externaltools.gnu-tools-for-stm32.13.3.rel1.win32_1.0.0.202411081344/tools/bin/../lib/gcc/arm-none-eabi/13.3.1/../../../../arm-none-eabi/lib/thumb/v8-m.main+fp/hard\libc_nano.a(libc_a-init.o)
 .ARM.attributes
                0x0000041e       0x24 C:/ST/STM32CubeIDE_1.18.0/STM32CubeIDE/plugins/com.st.stm32cube.ide.mcu.externaltools.gnu-tools-for-stm32.13.3.rel1.win32_1.0.0.202411081344/tools/bin/../lib/gcc/arm-none-eabi/13.3.1/../../../../arm-none-eabi/lib/thumb/v8-m.main+fp/hard\libc_nano.a(libc_a-strlen.o)
 .ARM.attributes
                0x00000442       0x26 C:/ST/STM32CubeIDE_1.18.0/STM32CubeIDE/plugins/com.st.stm32cube.ide.mcu.externaltools.gnu-tools-for-stm32.13.3.rel1.win32_1.0.0.202411081344/tools/bin/../lib/gcc/arm-none-eabi/13.3.1/thumb/v8-m.main+fp/hard\libgcc.a(_aeabi_uldivmod.o)
 .ARM.attributes
                0x00000468       0x38 C:/ST/STM32CubeIDE_1.18.0/STM32CubeIDE/plugins/com.st.stm32cube.ide.mcu.externaltools.gnu-tools-for-stm32.13.3.rel1.win32_1.0.0.202411081344/tools/bin/../lib/gcc/arm-none-eabi/13.3.1/thumb/v8-m.main+fp/hard\libgcc.a(_udivmoddi4.o)
 .ARM.attributes
                0x000004a0       0x26 C:/ST/STM32CubeIDE_1.18.0/STM32CubeIDE/plugins/com.st.stm32cube.ide.mcu.externaltools.gnu-tools-for-stm32.13.3.rel1.win32_1.0.0.202411081344/tools/bin/../lib/gcc/arm-none-eabi/13.3.1/thumb/v8-m.main+fp/hard\libgcc.a(_dvmd_tls.o)
 .ARM.attributes
                0x000004c6       0x26 C:/ST/STM32CubeIDE_1.18.0/STM32CubeIDE/plugins/com.st.stm32cube.ide.mcu.externaltools.gnu-tools-for-stm32.13.3.rel1.win32_1.0.0.202411081344/tools/bin/../lib/gcc/arm-none-eabi/13.3.1/thumb/v8-m.main+fp/hard/crtn.o
OUTPUT(BP_2.elf elf32-littlearm)
LOAD linker stubs
LOAD C:/ST/STM32CubeIDE_1.18.0/STM32CubeIDE/plugins/com.st.stm32cube.ide.mcu.externaltools.gnu-tools-for-stm32.13.3.rel1.win32_1.0.0.202411081344/tools/bin/../lib/gcc/arm-none-eabi/13.3.1/../../../../arm-none-eabi/lib/thumb/v8-m.main+fp/hard\libc.a
LOAD C:/ST/STM32CubeIDE_1.18.0/STM32CubeIDE/plugins/com.st.stm32cube.ide.mcu.externaltools.gnu-tools-for-stm32.13.3.rel1.win32_1.0.0.202411081344/tools/bin/../lib/gcc/arm-none-eabi/13.3.1/../../../../arm-none-eabi/lib/thumb/v8-m.main+fp/hard\libm.a
LOAD C:/ST/STM32CubeIDE_1.18.0/STM32CubeIDE/plugins/com.st.stm32cube.ide.mcu.externaltools.gnu-tools-for-stm32.13.3.rel1.win32_1.0.0.202411081344/tools/bin/../lib/gcc/arm-none-eabi/13.3.1/thumb/v8-m.main+fp/hard\libgcc.a

.debug_info     0x00000000    0x1261b
 .debug_info    0x00000000     0x1be3 ./Core/Src/main.o
 .debug_info    0x00001be3      0xb38 ./Core/Src/my_hal.o
 .debug_info    0x0000271b     0x1bd5 ./Core/Src/my_spi.o
 .debug_info    0x000042f0     0x16e2 ./Core/Src/stm32h5xx_hal_msp.o
 .debug_info    0x000059d2      0x128 ./Core/Src/stm32h5xx_it.o
 .debug_info    0x00005afa      0xce0 ./Core/Src/system_stm32h5xx.o
 .debug_info    0x000067da       0x30 ./Core/Startup/startup_stm32h533retx.o
 .debug_info    0x0000680a     0x1302 ./Drivers/STM32H5xx_HAL_Driver/Src/stm32h5xx_hal.o
 .debug_info    0x00007b0c     0x15e0 ./Drivers/STM32H5xx_HAL_Driver/Src/stm32h5xx_hal_cortex.o
 .debug_info    0x000090ec      0x6b6 ./Drivers/STM32H5xx_HAL_Driver/Src/stm32h5xx_hal_gpio.o
 .debug_info    0x000097a2     0x1009 ./Drivers/STM32H5xx_HAL_Driver/Src/stm32h5xx_hal_rcc.o
 .debug_info    0x0000a7ab     0x1204 ./Drivers/STM32H5xx_HAL_Driver/Src/stm32h5xx_hal_rcc_ex.o
 .debug_info    0x0000b9af     0x4066 ./Drivers/STM32H5xx_HAL_Driver/Src/stm32h5xx_hal_uart.o
 .debug_info    0x0000fa15     0x10ec ./Drivers/STM32H5xx_HAL_Driver/Src/stm32h5xx_hal_uart_ex.o
 .debug_info    0x00010b01     0x1b1a ./Drivers/STM32H5xx_HAL_Driver/Src/stm32h5xx_hal_xspi.o

.debug_abbrev   0x00000000     0x201c
 .debug_abbrev  0x00000000      0x2d9 ./Core/Src/main.o
 .debug_abbrev  0x000002d9      0x1c2 ./Core/Src/my_hal.o
 .debug_abbrev  0x0000049b      0x257 ./Core/Src/my_spi.o
 .debug_abbrev  0x000006f2      0x208 ./Core/Src/stm32h5xx_hal_msp.o
 .debug_abbrev  0x000008fa       0x73 ./Core/Src/stm32h5xx_it.o
 .debug_abbrev  0x0000096d      0x13a ./Core/Src/system_stm32h5xx.o
 .debug_abbrev  0x00000aa7       0x24 ./Core/Startup/startup_stm32h533retx.o
 .debug_abbrev  0x00000acb      0x2af ./Drivers/STM32H5xx_HAL_Driver/Src/stm32h5xx_hal.o
 .debug_abbrev  0x00000d7a      0x311 ./Drivers/STM32H5xx_HAL_Driver/Src/stm32h5xx_hal_cortex.o
 .debug_abbrev  0x0000108b      0x1db ./Drivers/STM32H5xx_HAL_Driver/Src/stm32h5xx_hal_gpio.o
 .debug_abbrev  0x00001266      0x290 ./Drivers/STM32H5xx_HAL_Driver/Src/stm32h5xx_hal_rcc.o
 .debug_abbrev  0x000014f6      0x25c ./Drivers/STM32H5xx_HAL_Driver/Src/stm32h5xx_hal_rcc_ex.o
 .debug_abbrev  0x00001752      0x305 ./Drivers/STM32H5xx_HAL_Driver/Src/stm32h5xx_hal_uart.o
 .debug_abbrev  0x00001a57      0x2d4 ./Drivers/STM32H5xx_HAL_Driver/Src/stm32h5xx_hal_uart_ex.o
 .debug_abbrev  0x00001d2b      0x2f1 ./Drivers/STM32H5xx_HAL_Driver/Src/stm32h5xx_hal_xspi.o

.debug_aranges  0x00000000      0xc80
 .debug_aranges
                0x00000000       0x48 ./Core/Src/main.o
 .debug_aranges
                0x00000048       0x40 ./Core/Src/my_hal.o
 .debug_aranges
                0x00000088      0x120 ./Core/Src/my_spi.o
 .debug_aranges
                0x000001a8       0x40 ./Core/Src/stm32h5xx_hal_msp.o
 .debug_aranges
                0x000001e8       0x60 ./Core/Src/stm32h5xx_it.o
 .debug_aranges
                0x00000248       0x28 ./Core/Src/system_stm32h5xx.o
 .debug_aranges
                0x00000270       0x28 ./Core/Startup/startup_stm32h533retx.o
 .debug_aranges
                0x00000298      0x1f8 ./Drivers/STM32H5xx_HAL_Driver/Src/stm32h5xx_hal.o
 .debug_aranges
                0x00000490      0x140 ./Drivers/STM32H5xx_HAL_Driver/Src/stm32h5xx_hal_cortex.o
 .debug_aranges
                0x000005d0       0x78 ./Drivers/STM32H5xx_HAL_Driver/Src/stm32h5xx_hal_gpio.o
 .debug_aranges
                0x00000648       0xa0 ./Drivers/STM32H5xx_HAL_Driver/Src/stm32h5xx_hal_rcc.o
 .debug_aranges
                0x000006e8      0x108 ./Drivers/STM32H5xx_HAL_Driver/Src/stm32h5xx_hal_rcc_ex.o
 .debug_aranges
                0x000007f0      0x248 ./Drivers/STM32H5xx_HAL_Driver/Src/stm32h5xx_hal_uart.o
 .debug_aranges
                0x00000a38       0xa8 ./Drivers/STM32H5xx_HAL_Driver/Src/stm32h5xx_hal_uart_ex.o
 .debug_aranges
                0x00000ae0      0x1a0 ./Drivers/STM32H5xx_HAL_Driver/Src/stm32h5xx_hal_xspi.o

.debug_rnglists
                0x00000000      0x9b1
 .debug_rnglists
                0x00000000       0x35 ./Core/Src/main.o
 .debug_rnglists
                0x00000035       0x2b ./Core/Src/my_hal.o
 .debug_rnglists
                0x00000060       0xeb ./Core/Src/my_spi.o
 .debug_rnglists
                0x0000014b       0x2d ./Core/Src/stm32h5xx_hal_msp.o
 .debug_rnglists
                0x00000178       0x43 ./Core/Src/stm32h5xx_it.o
 .debug_rnglists
                0x000001bb       0x1b ./Core/Src/system_stm32h5xx.o
 .debug_rnglists
                0x000001d6       0x19 ./Core/Startup/startup_stm32h533retx.o
 .debug_rnglists
                0x000001ef      0x177 ./Drivers/STM32H5xx_HAL_Driver/Src/stm32h5xx_hal.o
 .debug_rnglists
                0x00000366       0xec ./Drivers/STM32H5xx_HAL_Driver/Src/stm32h5xx_hal_cortex.o
 .debug_rnglists
                0x00000452       0x57 ./Drivers/STM32H5xx_HAL_Driver/Src/stm32h5xx_hal_gpio.o
 .debug_rnglists
                0x000004a9       0x79 ./Drivers/STM32H5xx_HAL_Driver/Src/stm32h5xx_hal_rcc.o
 .debug_rnglists
                0x00000522       0xcf ./Drivers/STM32H5xx_HAL_Driver/Src/stm32h5xx_hal_rcc_ex.o
 .debug_rnglists
                0x000005f1      0x1fb ./Drivers/STM32H5xx_HAL_Driver/Src/stm32h5xx_hal_uart.o
 .debug_rnglists
                0x000007ec       0x7f ./Drivers/STM32H5xx_HAL_Driver/Src/stm32h5xx_hal_uart_ex.o
 .debug_rnglists
                0x0000086b      0x146 ./Drivers/STM32H5xx_HAL_Driver/Src/stm32h5xx_hal_xspi.o

.debug_macro    0x00000000    0x2b04a
 .debug_macro   0x00000000      0x350 ./Core/Src/main.o
 .debug_macro   0x00000350      0xade ./Core/Src/main.o
 .debug_macro   0x00000e2e      0x199 ./Core/Src/main.o
 .debug_macro   0x00000fc7       0x22 ./Core/Src/main.o
 .debug_macro   0x00000fe9       0x5b ./Core/Src/main.o
 .debug_macro   0x00001044       0x2a ./Core/Src/main.o
 .debug_macro   0x0000106e       0x94 ./Core/Src/main.o
 .debug_macro   0x00001102       0x43 ./Core/Src/main.o
 .debug_macro   0x00001145       0x34 ./Core/Src/main.o
 .debug_macro   0x00001179      0x190 ./Core/Src/main.o
 .debug_macro   0x00001309       0x57 ./Core/Src/main.o
 .debug_macro   0x00001360      0x370 ./Core/Src/main.o
 .debug_macro   0x000016d0       0x16 ./Core/Src/main.o
 .debug_macro   0x000016e6       0x4a ./Core/Src/main.o
 .debug_macro   0x00001730       0x34 ./Core/Src/main.o
 .debug_macro   0x00001764       0x10 ./Core/Src/main.o
 .debug_macro   0x00001774       0x58 ./Core/Src/main.o
 .debug_macro   0x000017cc       0x8e ./Core/Src/main.o
 .debug_macro   0x0000185a       0x1c ./Core/Src/main.o
 .debug_macro   0x00001876      0x185 ./Core/Src/main.o
 .debug_macro   0x000019fb      0x19b ./Core/Src/main.o
 .debug_macro   0x00001b96       0x28 ./Core/Src/main.o
 .debug_macro   0x00001bbe       0x42 ./Core/Src/main.o
 .debug_macro   0x00001c00      0x103 ./Core/Src/main.o
 .debug_macro   0x00001d03       0x6a ./Core/Src/main.o
 .debug_macro   0x00001d6d      0x1df ./Core/Src/main.o
 .debug_macro   0x00001f4c       0x1c ./Core/Src/main.o
 .debug_macro   0x00001f68       0x29 ./Core/Src/main.o
 .debug_macro   0x00001f91       0xfb ./Core/Src/main.o
 .debug_macro   0x0000208c     0x1685 ./Core/Src/main.o
 .debug_macro   0x00003711       0x5e ./Core/Src/main.o
 .debug_macro   0x0000376f    0x1c054 ./Core/Src/main.o
 .debug_macro   0x0001f7c3       0x6d ./Core/Src/main.o
 .debug_macro   0x0001f830     0x388a ./Core/Src/main.o
 .debug_macro   0x000230ba       0x63 ./Core/Src/main.o
 .debug_macro   0x0002311d     0x1a59 ./Core/Src/main.o
 .debug_macro   0x00024b76      0xa9f ./Core/Src/main.o
 .debug_macro   0x00025615      0x166 ./Core/Src/main.o
 .debug_macro   0x0002577b      0x262 ./Core/Src/main.o
 .debug_macro   0x000259dd      0x765 ./Core/Src/main.o
 .debug_macro   0x00026142      0x424 ./Core/Src/main.o
 .debug_macro   0x00026566       0xd6 ./Core/Src/main.o
 .debug_macro   0x0002663c      0x1cd ./Core/Src/main.o
 .debug_macro   0x00026809      0x2bb ./Core/Src/main.o
 .debug_macro   0x00026ac4      0x57b ./Core/Src/main.o
 .debug_macro   0x0002703f       0x7b ./Core/Src/main.o
 .debug_macro   0x000270ba      0x313 ./Core/Src/main.o
 .debug_macro   0x000273cd      0x1bb ./Core/Src/main.o
 .debug_macro   0x00027588       0x1c ./Core/Src/main.o
 .debug_macro   0x000275a4      0x65b ./Core/Src/main.o
 .debug_macro   0x00027bff      0x693 ./Core/Src/main.o
 .debug_macro   0x00028292       0xa6 ./Core/Src/main.o
 .debug_macro   0x00028338      0x253 ./Core/Src/main.o
 .debug_macro   0x0002858b      0x469 ./Core/Src/main.o
 .debug_macro   0x000289f4       0x16 ./Core/Src/main.o
 .debug_macro   0x00028a0a       0x3c ./Core/Src/main.o
 .debug_macro   0x00028a46       0x20 ./Core/Src/main.o
 .debug_macro   0x00028a66       0x16 ./Core/Src/main.o
 .debug_macro   0x00028a7c       0x16 ./Core/Src/main.o
 .debug_macro   0x00028a92       0x29 ./Core/Src/main.o
 .debug_macro   0x00028abb       0x1c ./Core/Src/main.o
 .debug_macro   0x00028ad7       0x10 ./Core/Src/main.o
 .debug_macro   0x00028ae7       0x1c ./Core/Src/main.o
 .debug_macro   0x00028b03       0x16 ./Core/Src/main.o
 .debug_macro   0x00028b19      0x146 ./Core/Src/main.o
 .debug_macro   0x00028c5f      0x1ef ./Core/Src/main.o
 .debug_macro   0x00028e4e       0x16 ./Core/Src/main.o
 .debug_macro   0x00028e64      0x2d4 ./Core/Src/my_hal.o
 .debug_macro   0x00029138       0x10 ./Core/Src/my_hal.o
 .debug_macro   0x00029148      0x2ce ./Core/Src/my_spi.o
 .debug_macro   0x00029416      0x27c ./Core/Src/stm32h5xx_hal_msp.o
 .debug_macro   0x00029692      0x286 ./Core/Src/stm32h5xx_it.o
 .debug_macro   0x00029918      0x279 ./Core/Src/system_stm32h5xx.o
 .debug_macro   0x00029b91      0x2a8 ./Drivers/STM32H5xx_HAL_Driver/Src/stm32h5xx_hal.o
 .debug_macro   0x00029e39      0x272 ./Drivers/STM32H5xx_HAL_Driver/Src/stm32h5xx_hal_cortex.o
 .debug_macro   0x0002a0ab      0x2a8 ./Drivers/STM32H5xx_HAL_Driver/Src/stm32h5xx_hal_gpio.o
 .debug_macro   0x0002a353      0x2b4 ./Drivers/STM32H5xx_HAL_Driver/Src/stm32h5xx_hal_rcc.o
 .debug_macro   0x0002a607      0x284 ./Drivers/STM32H5xx_HAL_Driver/Src/stm32h5xx_hal_rcc_ex.o
 .debug_macro   0x0002a88b      0x29d ./Drivers/STM32H5xx_HAL_Driver/Src/stm32h5xx_hal_uart.o
 .debug_macro   0x0002ab28      0x27e ./Drivers/STM32H5xx_HAL_Driver/Src/stm32h5xx_hal_uart_ex.o
 .debug_macro   0x0002ada6      0x2a4 ./Drivers/STM32H5xx_HAL_Driver/Src/stm32h5xx_hal_xspi.o

.debug_line     0x00000000    0x100d6
 .debug_line    0x00000000      0xab0 ./Core/Src/main.o
 .debug_line    0x00000ab0      0x9a1 ./Core/Src/my_hal.o
 .debug_line    0x00001451     0x1008 ./Core/Src/my_spi.o
 .debug_line    0x00002459      0x97a ./Core/Src/stm32h5xx_hal_msp.o
 .debug_line    0x00002dd3      0x927 ./Core/Src/stm32h5xx_it.o
 .debug_line    0x000036fa      0x9fc ./Core/Src/system_stm32h5xx.o
 .debug_line    0x000040f6       0x7b ./Core/Startup/startup_stm32h533retx.o
 .debug_line    0x00004171      0xf84 ./Drivers/STM32H5xx_HAL_Driver/Src/stm32h5xx_hal.o
 .debug_line    0x000050f5      0xecb ./Drivers/STM32H5xx_HAL_Driver/Src/stm32h5xx_hal_cortex.o
 .debug_line    0x00005fc0      0xc85 ./Drivers/STM32H5xx_HAL_Driver/Src/stm32h5xx_hal_gpio.o
 .debug_line    0x00006c45     0x1414 ./Drivers/STM32H5xx_HAL_Driver/Src/stm32h5xx_hal_rcc.o
 .debug_line    0x00008059     0x241f ./Drivers/STM32H5xx_HAL_Driver/Src/stm32h5xx_hal_rcc_ex.o
 .debug_line    0x0000a478     0x351a ./Drivers/STM32H5xx_HAL_Driver/Src/stm32h5xx_hal_uart.o
 .debug_line    0x0000d992      0xdee ./Drivers/STM32H5xx_HAL_Driver/Src/stm32h5xx_hal_uart_ex.o
 .debug_line    0x0000e780     0x1956 ./Drivers/STM32H5xx_HAL_Driver/Src/stm32h5xx_hal_xspi.o

.debug_str      0x00000000   0x10e278
 .debug_str     0x00000000   0x10e278 ./Core/Src/main.o
                             0x10a5f5 (size before relaxing)
 .debug_str     0x0010e278   0x1095f1 ./Core/Src/my_hal.o
 .debug_str     0x0010e278   0x109bc4 ./Core/Src/my_spi.o
 .debug_str     0x0010e278   0x109651 ./Core/Src/stm32h5xx_hal_msp.o
 .debug_str     0x0010e278   0x108828 ./Core/Src/stm32h5xx_it.o
 .debug_str     0x0010e278   0x108da0 ./Core/Src/system_stm32h5xx.o
 .debug_str     0x0010e278       0x7c ./Core/Startup/startup_stm32h533retx.o
 .debug_str     0x0010e278   0x109b4e ./Drivers/STM32H5xx_HAL_Driver/Src/stm32h5xx_hal.o
 .debug_str     0x0010e278   0x109709 ./Drivers/STM32H5xx_HAL_Driver/Src/stm32h5xx_hal_cortex.o
 .debug_str     0x0010e278   0x108b77 ./Drivers/STM32H5xx_HAL_Driver/Src/stm32h5xx_hal_gpio.o
 .debug_str     0x0010e278   0x1092e5 ./Drivers/STM32H5xx_HAL_Driver/Src/stm32h5xx_hal_rcc.o
 .debug_str     0x0010e278   0x10956f ./Drivers/STM32H5xx_HAL_Driver/Src/stm32h5xx_hal_rcc_ex.o
 .debug_str     0x0010e278   0x109858 ./Drivers/STM32H5xx_HAL_Driver/Src/stm32h5xx_hal_uart.o
 .debug_str     0x0010e278   0x109229 ./Drivers/STM32H5xx_HAL_Driver/Src/stm32h5xx_hal_uart_ex.o
 .debug_str     0x0010e278   0x109812 ./Drivers/STM32H5xx_HAL_Driver/Src/stm32h5xx_hal_xspi.o

.comment        0x00000000       0x43
 .comment       0x00000000       0x43 ./Core/Src/main.o
                                 0x44 (size before relaxing)
 .comment       0x00000043       0x44 ./Core/Src/my_hal.o
 .comment       0x00000043       0x44 ./Core/Src/my_spi.o
 .comment       0x00000043       0x44 ./Core/Src/stm32h5xx_hal_msp.o
 .comment       0x00000043       0x44 ./Core/Src/stm32h5xx_it.o
 .comment       0x00000043       0x44 ./Core/Src/system_stm32h5xx.o
 .comment       0x00000043       0x44 ./Drivers/STM32H5xx_HAL_Driver/Src/stm32h5xx_hal.o
 .comment       0x00000043       0x44 ./Drivers/STM32H5xx_HAL_Driver/Src/stm32h5xx_hal_cortex.o
 .comment       0x00000043       0x44 ./Drivers/STM32H5xx_HAL_Driver/Src/stm32h5xx_hal_gpio.o
 .comment       0x00000043       0x44 ./Drivers/STM32H5xx_HAL_Driver/Src/stm32h5xx_hal_rcc.o
 .comment       0x00000043       0x44 ./Drivers/STM32H5xx_HAL_Driver/Src/stm32h5xx_hal_rcc_ex.o
 .comment       0x00000043       0x44 ./Drivers/STM32H5xx_HAL_Driver/Src/stm32h5xx_hal_uart.o
 .comment       0x00000043       0x44 ./Drivers/STM32H5xx_HAL_Driver/Src/stm32h5xx_hal_uart_ex.o
 .comment       0x00000043       0x44 ./Drivers/STM32H5xx_HAL_Driver/Src/stm32h5xx_hal_xspi.o

.debug_frame    0x00000000     0x3488
 .debug_frame   0x00000000       0xcc ./Core/Src/main.o
 .debug_frame   0x000000cc       0xcc ./Core/Src/my_hal.o
 .debug_frame   0x00000198      0x518 ./Core/Src/my_spi.o
 .debug_frame   0x000006b0       0xc8 ./Core/Src/stm32h5xx_hal_msp.o
 .debug_frame   0x00000778      0x104 ./Core/Src/stm32h5xx_it.o
 .debug_frame   0x0000087c       0x60 ./Core/Src/system_stm32h5xx.o
 .debug_frame   0x000008dc      0x800 ./Drivers/STM32H5xx_HAL_Driver/Src/stm32h5xx_hal.o
 .debug_frame   0x000010dc      0x560 ./Drivers/STM32H5xx_HAL_Driver/Src/stm32h5xx_hal_cortex.o
 .debug_frame   0x0000163c      0x1ec ./Drivers/STM32H5xx_HAL_Driver/Src/stm32h5xx_hal_gpio.o
 .debug_frame   0x00001828      0x268 ./Drivers/STM32H5xx_HAL_Driver/Src/stm32h5xx_hal_rcc.o
 .debug_frame   0x00001a90      0x470 ./Drivers/STM32H5xx_HAL_Driver/Src/stm32h5xx_hal_rcc_ex.o
 .debug_frame   0x00001f00      0xa84 ./Drivers/STM32H5xx_HAL_Driver/Src/stm32h5xx_hal_uart.o
 .debug_frame   0x00002984      0x2c4 ./Drivers/STM32H5xx_HAL_Driver/Src/stm32h5xx_hal_uart_ex.o
 .debug_frame   0x00002c48      0x790 ./Drivers/STM32H5xx_HAL_Driver/Src/stm32h5xx_hal_xspi.o
 .debug_frame   0x000033d8       0x20 C:/ST/STM32CubeIDE_1.18.0/STM32CubeIDE/plugins/com.st.stm32cube.ide.mcu.externaltools.gnu-tools-for-stm32.13.3.rel1.win32_1.0.0.202411081344/tools/bin/../lib/gcc/arm-none-eabi/13.3.1/../../../../arm-none-eabi/lib/thumb/v8-m.main+fp/hard\libc_nano.a(libc_a-memset.o)
 .debug_frame   0x000033f8       0x2c C:/ST/STM32CubeIDE_1.18.0/STM32CubeIDE/plugins/com.st.stm32cube.ide.mcu.externaltools.gnu-tools-for-stm32.13.3.rel1.win32_1.0.0.202411081344/tools/bin/../lib/gcc/arm-none-eabi/13.3.1/../../../../arm-none-eabi/lib/thumb/v8-m.main+fp/hard\libc_nano.a(libc_a-init.o)
 .debug_frame   0x00003424       0x2c C:/ST/STM32CubeIDE_1.18.0/STM32CubeIDE/plugins/com.st.stm32cube.ide.mcu.externaltools.gnu-tools-for-stm32.13.3.rel1.win32_1.0.0.202411081344/tools/bin/../lib/gcc/arm-none-eabi/13.3.1/thumb/v8-m.main+fp/hard\libgcc.a(_aeabi_uldivmod.o)
 .debug_frame   0x00003450       0x38 C:/ST/STM32CubeIDE_1.18.0/STM32CubeIDE/plugins/com.st.stm32cube.ide.mcu.externaltools.gnu-tools-for-stm32.13.3.rel1.win32_1.0.0.202411081344/tools/bin/../lib/gcc/arm-none-eabi/13.3.1/thumb/v8-m.main+fp/hard\libgcc.a(_udivmoddi4.o)

.debug_line_str
                0x00000000       0x60
 .debug_line_str
                0x00000000       0x60 ./Core/Startup/startup_stm32h533retx.o
