Archive member included to satisfy reference by file (symbol)

C:/ST/STM32CubeIDE_1.18.0/STM32CubeIDE/plugins/com.st.stm32cube.ide.mcu.externaltools.gnu-tools-for-stm32.13.3.rel1.win32_1.0.0.202411081344/tools/bin/../lib/gcc/arm-none-eabi/13.3.1/../../../../arm-none-eabi/lib/thumb/v8-m.main+fp/hard\libc_nano.a(libc_a-exit.o)
                              C:/ST/STM32CubeIDE_1.18.0/STM32CubeIDE/plugins/com.st.stm32cube.ide.mcu.externaltools.gnu-tools-for-stm32.13.3.rel1.win32_1.0.0.202411081344/tools/bin/../lib/gcc/arm-none-eabi/13.3.1/../../../../arm-none-eabi/lib/thumb/v8-m.main+fp/hard/crt0.o (exit)
C:/ST/STM32CubeIDE_1.18.0/STM32CubeIDE/plugins/com.st.stm32cube.ide.mcu.externaltools.gnu-tools-for-stm32.13.3.rel1.win32_1.0.0.202411081344/tools/bin/../lib/gcc/arm-none-eabi/13.3.1/../../../../arm-none-eabi/lib/thumb/v8-m.main+fp/hard\libc_nano.a(libc_a-findfp.o)
                              C:/ST/STM32CubeIDE_1.18.0/STM32CubeIDE/plugins/com.st.stm32cube.ide.mcu.externaltools.gnu-tools-for-stm32.13.3.rel1.win32_1.0.0.202411081344/tools/bin/../lib/gcc/arm-none-eabi/13.3.1/../../../../arm-none-eabi/lib/thumb/v8-m.main+fp/hard\libc_nano.a(libc_a-exit.o) (__stdio_exit_handler)
C:/ST/STM32CubeIDE_1.18.0/STM32CubeIDE/plugins/com.st.stm32cube.ide.mcu.externaltools.gnu-tools-for-stm32.13.3.rel1.win32_1.0.0.202411081344/tools/bin/../lib/gcc/arm-none-eabi/13.3.1/../../../../arm-none-eabi/lib/thumb/v8-m.main+fp/hard\libc_nano.a(libc_a-fwalk.o)
                              C:/ST/STM32CubeIDE_1.18.0/STM32CubeIDE/plugins/com.st.stm32cube.ide.mcu.externaltools.gnu-tools-for-stm32.13.3.rel1.win32_1.0.0.202411081344/tools/bin/../lib/gcc/arm-none-eabi/13.3.1/../../../../arm-none-eabi/lib/thumb/v8-m.main+fp/hard\libc_nano.a(libc_a-findfp.o) (_fwalk_sglue)
C:/ST/STM32CubeIDE_1.18.0/STM32CubeIDE/plugins/com.st.stm32cube.ide.mcu.externaltools.gnu-tools-for-stm32.13.3.rel1.win32_1.0.0.202411081344/tools/bin/../lib/gcc/arm-none-eabi/13.3.1/../../../../arm-none-eabi/lib/thumb/v8-m.main+fp/hard\libc_nano.a(libc_a-stdio.o)
                              C:/ST/STM32CubeIDE_1.18.0/STM32CubeIDE/plugins/com.st.stm32cube.ide.mcu.externaltools.gnu-tools-for-stm32.13.3.rel1.win32_1.0.0.202411081344/tools/bin/../lib/gcc/arm-none-eabi/13.3.1/../../../../arm-none-eabi/lib/thumb/v8-m.main+fp/hard\libc_nano.a(libc_a-findfp.o) (__sread)
C:/ST/STM32CubeIDE_1.18.0/STM32CubeIDE/plugins/com.st.stm32cube.ide.mcu.externaltools.gnu-tools-for-stm32.13.3.rel1.win32_1.0.0.202411081344/tools/bin/../lib/gcc/arm-none-eabi/13.3.1/../../../../arm-none-eabi/lib/thumb/v8-m.main+fp/hard\libc_nano.a(libc_a-memset.o)
                              C:/ST/STM32CubeIDE_1.18.0/STM32CubeIDE/plugins/com.st.stm32cube.ide.mcu.externaltools.gnu-tools-for-stm32.13.3.rel1.win32_1.0.0.202411081344/tools/bin/../lib/gcc/arm-none-eabi/13.3.1/../../../../arm-none-eabi/lib/thumb/v8-m.main+fp/hard/crt0.o (memset)
C:/ST/STM32CubeIDE_1.18.0/STM32CubeIDE/plugins/com.st.stm32cube.ide.mcu.externaltools.gnu-tools-for-stm32.13.3.rel1.win32_1.0.0.202411081344/tools/bin/../lib/gcc/arm-none-eabi/13.3.1/../../../../arm-none-eabi/lib/thumb/v8-m.main+fp/hard\libc_nano.a(libc_a-closer.o)
                              C:/ST/STM32CubeIDE_1.18.0/STM32CubeIDE/plugins/com.st.stm32cube.ide.mcu.externaltools.gnu-tools-for-stm32.13.3.rel1.win32_1.0.0.202411081344/tools/bin/../lib/gcc/arm-none-eabi/13.3.1/../../../../arm-none-eabi/lib/thumb/v8-m.main+fp/hard\libc_nano.a(libc_a-stdio.o) (_close_r)
C:/ST/STM32CubeIDE_1.18.0/STM32CubeIDE/plugins/com.st.stm32cube.ide.mcu.externaltools.gnu-tools-for-stm32.13.3.rel1.win32_1.0.0.202411081344/tools/bin/../lib/gcc/arm-none-eabi/13.3.1/../../../../arm-none-eabi/lib/thumb/v8-m.main+fp/hard\libc_nano.a(libc_a-reent.o)
                              C:/ST/STM32CubeIDE_1.18.0/STM32CubeIDE/plugins/com.st.stm32cube.ide.mcu.externaltools.gnu-tools-for-stm32.13.3.rel1.win32_1.0.0.202411081344/tools/bin/../lib/gcc/arm-none-eabi/13.3.1/../../../../arm-none-eabi/lib/thumb/v8-m.main+fp/hard\libc_nano.a(libc_a-closer.o) (errno)
C:/ST/STM32CubeIDE_1.18.0/STM32CubeIDE/plugins/com.st.stm32cube.ide.mcu.externaltools.gnu-tools-for-stm32.13.3.rel1.win32_1.0.0.202411081344/tools/bin/../lib/gcc/arm-none-eabi/13.3.1/../../../../arm-none-eabi/lib/thumb/v8-m.main+fp/hard\libc_nano.a(libc_a-impure.o)
                              C:/ST/STM32CubeIDE_1.18.0/STM32CubeIDE/plugins/com.st.stm32cube.ide.mcu.externaltools.gnu-tools-for-stm32.13.3.rel1.win32_1.0.0.202411081344/tools/bin/../lib/gcc/arm-none-eabi/13.3.1/../../../../arm-none-eabi/lib/thumb/v8-m.main+fp/hard\libc_nano.a(libc_a-reent.o) (_impure_ptr)
C:/ST/STM32CubeIDE_1.18.0/STM32CubeIDE/plugins/com.st.stm32cube.ide.mcu.externaltools.gnu-tools-for-stm32.13.3.rel1.win32_1.0.0.202411081344/tools/bin/../lib/gcc/arm-none-eabi/13.3.1/../../../../arm-none-eabi/lib/thumb/v8-m.main+fp/hard\libc_nano.a(libc_a-lseekr.o)
[...]
Memory Configuration

Name             Origin             Length             Attributes
RAM              0x20000000         0x00044000         xrw
FLASH            0x08000000         0x00080000         xr
*default*        0x00000000         0xffffffff

Linker script and memory map

LOAD C:/ST/STM32CubeIDE_1.18.0/STM32CubeIDE/plugins/com.st.stm32cube.ide.mcu.externaltools.gnu-tools-for-stm32.13.3.rel1.win32_1.0.0.202411081344/tools/bin/../lib/gcc/arm-none-eabi/13.3.1/thumb/v8-m.main+fp/hard/crti.o
LOAD C:/ST/STM32CubeIDE_1.18.0/STM32CubeIDE/plugins/com.st.stm32cube.ide.mcu.externaltools.gnu-tools-for-stm32.13.3.rel1.win32_1.0.0.202411081344/tools/bin/../lib/gcc/arm-none-eabi/13.3.1/thumb/v8-m.main+fp/hard/crtbegin.o
LOAD C:/ST/STM32CubeIDE_1.18.0/STM32CubeIDE/plugins/com.st.stm32cube.ide.mcu.externaltools.gnu-tools-for-stm32.13.3.rel1.win32_1.0.0.202411081344/tools/bin/../lib/gcc/arm-none-eabi/13.3.1/../../../../arm-none-eabi/lib/thumb/v8-m.main+fp/hard/crt0.o
LOAD ./Core/Src/main.o
LOAD ./Core/Src/my_hal.o
LOAD ./Core/Src/my_spi.o
LOAD ./Core/Src/stm32h5xx_hal_msp.o
LOAD ./Core/Src/stm32h5xx_it.o
LOAD ./Core/Src/syscalls.o
LOAD ./Core/Src/sysmem.o
LOAD ./Core/Src/system_stm32h5xx.o
LOAD ./Core/Startup/startup_stm32h533retx.o
LOAD ./Drivers/STM32H5xx_HAL_Driver/Src/stm32h5xx_hal.o
LOAD ./Drivers/STM32H5xx_HAL_Driver/Src/stm32h5xx_hal_cortex.o
LOAD ./Drivers/STM32H5xx_HAL_Driver/Src/stm32h5xx_hal_dma.o
LOAD ./Drivers/STM32H5xx_HAL_Driver/Src/stm32h5xx_hal_dma_ex.o
LOAD ./Drivers/STM32H5xx_HAL_Driver/Src/stm32h5xx_hal_exti.o
LOAD ./Drivers/STM32H5xx_HAL_Driver/Src/stm32h5xx_hal_flash.o
LOAD ./Drivers/STM32H5xx_HAL_Driver/Src/stm32h5xx_hal_flash_ex.o
LOAD ./Drivers/STM32H5xx_HAL_Driver/Src/stm32h5xx_hal_gpio.o
LOAD ./Drivers/STM32H5xx_HAL_Driver/Src/stm32h5xx_hal_pwr.o
LOAD ./Drivers/STM32H5xx_HAL_Driver/Src/stm32h5xx_hal_pwr_ex.o
LOAD ./Drivers/STM32H5xx_HAL_Driver/Src/stm32h5xx_hal_rcc.o
LOAD ./Drivers/STM32H5xx_HAL_Driver/Src/stm32h5xx_hal_rcc_ex.o
LOAD ./Drivers/STM32H5xx_HAL_Driver/Src/stm32h5xx_hal_uart.o
LOAD ./Drivers/STM32H5xx_HAL_Driver/Src/stm32h5xx_hal_uart_ex.o
LOAD ./Drivers/STM32H5xx_HAL_Driver/Src/stm32h5xx_hal_xspi.o
LOAD ./Drivers/STM32H5xx_HAL_Driver/Src/stm32h5xx_ll_dlyb.o
START GROUP
LOAD C:/ST/STM32CubeIDE_1.18.0/STM32CubeIDE/plugins/com.st.stm32cube.ide.mcu.externaltools.gnu-tools-for-stm32.13.3.rel1.win32_1.0.0.202411081344/tools/bin/../lib/gcc/arm-none-eabi/13.3.1/../../../../arm-none-eabi/lib/thumb/v8-m.main+fp/hard\libc_nano.a
LOAD C:/ST/STM32CubeIDE_1.18.0/STM32CubeIDE/plugins/com.st.stm32cube.ide.mcu.externaltools.gnu-tools-for-stm32.13.3.rel1.win32_1.0.0.202411081344/tools/bin/../lib/gcc/arm-none-eabi/13.3.1/../../../../arm-none-eabi/lib/thumb/v8-m.main+fp/hard\libm.a
END GROUP
START GROUP
LOAD C:/ST/STM32CubeIDE_1.18.0/STM32CubeIDE/plugins/com.st.stm32cube.ide.mcu.externaltools.gnu-tools-for-stm32.13.3.rel1.win32_1.0.0.202411081344/tools/bin/../lib/gcc/arm-none-eabi/13.3.1/thumb/v8-m.main+fp/hard\libgcc.a
LOAD C:/ST/STM32CubeIDE_1.18.0/STM32CubeIDE/plugins/com.st.stm32cube.ide.mcu.externaltools.gnu-tools-for-stm32.13.3.rel1.win32_1.0.0.202411081344/tools/bin/../lib/gcc/arm-none-eabi/13.3.1/../../../../arm-none-eabi/lib/thumb/v8-m.main+fp/hard\libc_nano.a
END GROUP
START GROUP
LOAD C:/ST/STM32CubeIDE_1.18.0/STM32CubeIDE/plugins/com.st.stm32cube.ide.mcu.externaltools.gnu-tools-for-stm32.13.3.rel1.win32_1.0.0.202411081344/tools/bin/../lib/gcc/arm-none-eabi/13.3.1/thumb/v8-m.main+fp/hard\libgcc.a
LOAD C:/ST/STM32CubeIDE_1.18.0/STM32CubeIDE/plugins/com.st.stm32cube.ide.mcu.externaltools.gnu-tools-for-stm32.13.3.rel1.win32_1.0.0.202411081344/tools/bin/../lib/gcc/arm-none-eabi/13.3.1/../../../../arm-none-eabi/lib/thumb/v8-m.main+fp/hard\libc_nano.a
LOAD C:/ST/STM32CubeIDE_1.18.0/STM32CubeIDE/plugins/com.st.stm32cube.ide.mcu.externaltools.gnu-tools-for-stm32.13.3.rel1.win32_1.0.0.202411081344/tools/bin/../lib/gcc/arm-none-eabi/13.3.1/../../../../arm-none-eabi/lib/thumb/v8-m.main+fp/hard\libnosys.a
END GROUP
START GROUP
LOAD C:/ST/STM32CubeIDE_1.18.0/STM32CubeIDE/plugins/com.st.stm32cube.ide.mcu.externaltools.gnu-tools-for-stm32.13.3.rel1.win32_1.0.0.202411081344/tools/bin/../lib/gcc/arm-none-eabi/13.3.1/thumb/v8-m.main+fp/hard\libgcc.a
LOAD C:/ST/STM32CubeIDE_1.18.0/STM32CubeIDE/plugins/com.st.stm32cube.ide.mcu.externaltools.gnu-tools-for-stm32.13.3.rel1.win32_1.0.0.202411081344/tools/bin/../lib/gcc/arm-none-eabi/13.3.1/../../../../arm-none-eabi/lib/thumb/v8-m.main+fp/hard\libc_nano.a
LOAD C:/ST/STM32CubeIDE_1.18.0/STM32CubeIDE/plugins/com.st.stm32cube.ide.mcu.externaltools.gnu-tools-for-stm32.13.3.rel1.win32_1.0.0.202411081344/tools/bin/../lib/gcc/arm-none-eabi/13.3.1/../../../../arm-none-eabi/lib/thumb/v8-m.main+fp/hard\libnosys.a
END GROUP
LOAD C:/ST/STM32CubeIDE_1.18.0/STM32CubeIDE/plugins/com.st.stm32cube.ide.mcu.externaltools.gnu-tools-for-stm32.13.3.rel1.win32_1.0.0.202411081344/tools/bin/../lib/gcc/arm-none-eabi/13.3.1/thumb/v8-m.main+fp/hard/crtend.o
LOAD C:/ST/STM32CubeIDE_1.18.0/STM32CubeIDE/plugins/com.st.stm32cube.ide.mcu.externaltools.gnu-tools-for-stm32.13.3.rel1.win32_1.0.0.202411081344/tools/bin/../lib/gcc/arm-none-eabi/13.3.1/thumb/v8-m.main+fp/hard/crtn.o
                0x20044000                        _estack = (ORIGIN (RAM) + LENGTH (RAM))
                0x00000200                        _Min_Heap_Size = 0x200
                0x00000400                        _Min_Stack_Size = 0x400

.isr_vector     0x08000000      0x254
                0x08000000                        . = ALIGN (0x4)
 *(.isr_vector)
 .isr_vector    0x08000000      0x254 ./Core/Startup/startup_stm32h533retx.o
                0x08000000                g_pfnVectors
                0x08000254                        . = ALIGN (0x4)

.text           0x08000254     0x6fa4
                0x08000254                        . = ALIGN (0x4)
 *(.text)
 .text          0x08000254       0x40 C:/ST/STM32CubeIDE_1.18.0/STM32CubeIDE/plugins/com.st.stm32cube.ide.mcu.externaltools.gnu-tools-for-stm32.13.3.rel1.win32_1.0.0.202411081344/tools/bin/../lib/gcc/arm-none-eabi/13.3.1/thumb/v8-m.main+fp/hard/crtbegin.o
 .text          0x08000294       0x10 C:/ST/STM32CubeIDE_1.18.0/STM32CubeIDE/plugins/com.st.stm32cube.ide.mcu.externaltools.gnu-tools-for-stm32.13.3.rel1.win32_1.0.0.202411081344/tools/bin/../lib/gcc/arm-none-eabi/13.3.1/../../../../arm-none-eabi/lib/thumb/v8-m.main+fp/hard\libc_nano.a(libc_a-strlen.o)
                0x08000294                strlen
 .text          0x080002a4       0x30 C:/ST/STM32CubeIDE_1.18.0/STM32CubeIDE/plugins/com.st.stm32cube.ide.mcu.externaltools.gnu-tools-for-stm32.13.3.rel1.win32_1.0.0.202411081344/tools/bin/../lib/gcc/arm-none-eabi/13.3.1/thumb/v8-m.main+fp/hard\libgcc.a(_aeabi_uldivmod.o)
                0x080002a4                __aeabi_uldivmod
 .text          0x080002d4      0x348 C:/ST/STM32CubeIDE_1.18.0/STM32CubeIDE/plugins/com.st.stm32cube.ide.mcu.externaltools.gnu-tools-for-stm32.13.3.rel1.win32_1.0.0.202411081344/tools/bin/../lib/gcc/arm-none-eabi/13.3.1/thumb/v8-m.main+fp/hard\libgcc.a(_udivmoddi4.o)
                0x080002d4                __udivmoddi4
 .text          0x0800061c        0x4 C:/ST/STM32CubeIDE_1.18.0/STM32CubeIDE/plugins/com.st.stm32cube.ide.mcu.externaltools.gnu-tools-for-stm32.13.3.rel1.win32_1.0.0.202411081344/tools/bin/../lib/gcc/arm-none-eabi/13.3.1/thumb/v8-m.main+fp/hard\libgcc.a(_dvmd_tls.o)
                0x0800061c                __aeabi_idiv0
                0x0800061c                __aeabi_ldiv0
 *(.text*)
 .text.main     0x08000620      0x134 ./Core/Src/main.o
                0x08000620                main
 .text.SystemClock_Config
                0x08000754       0xc0 ./Core/Src/main.o
                0x08000754                SystemClock_Config
 .text.MX_OCTOSPI1_Init
                0x08000814       0x7c ./Core/Src/main.o
 .text.MX_USART2_UART_Init
                0x08000890       0x98 ./Core/Src/main.o
 .text.MX_GPIO_Init
                0x08000928       0xa8 ./Core/Src/main.o
 .text.Error_Handler
                0x080009d0        0xc ./Core/Src/main.o
                0x080009d0                Error_Handler
 .text.uart_print
                0x080009dc       0x32 ./Core/Src/my_hal.o
                0x080009dc                uart_print
 *fill*         0x08000a0e        0x2 
 .text.get_HAL_error
                0x08000a10       0xa0 ./Core/Src/my_hal.o
                0x08000a10                get_HAL_error
 .text.fill_page_buffer_2
                0x08000ab0       0x3c ./Core/Src/my_hal.o
                0x08000ab0                fill_page_buffer_2
 .text.set_spi_command
                0x08000aec       0x96 ./Core/Src/my_spi.o
                0x08000aec                set_spi_command
 .text.read_page
                0x08000b82       0x80 ./Core/Src/my_spi.o
                0x08000b82                read_page
 .text.write_page
                0x08000c02       0xe6 ./Core/Src/my_spi.o
                0x08000c02                write_page
 .text.erase_sector
                0x08000ce8       0x7c ./Core/Src/my_spi.o
                0x08000ce8                erase_sector
 .text.HAL_MspInit
                0x08000d64        0xe ./Core/Src/stm32h5xx_hal_msp.o
                0x08000d64                HAL_MspInit
 *fill*         0x08000d72        0x2 
 .text.HAL_XSPI_MspInit
                0x08000d74      0x170 ./Core/Src/stm32h5xx_hal_msp.o
                0x08000d74                HAL_XSPI_MspInit
 .text.HAL_UART_MspInit
                0x08000ee4       0xd0 ./Core/Src/stm32h5xx_hal_msp.o
                0x08000ee4                HAL_UART_MspInit
 .text.NMI_Handler
                0x08000fb4        0x8 ./Core/Src/stm32h5xx_it.o
                0x08000fb4                NMI_Handler
 .text.HardFault_Handler
                0x08000fbc        0x8 ./Core/Src/stm32h5xx_it.o
                0x08000fbc                HardFault_Handler
 .text.MemManage_Handler
                0x08000fc4        0x8 ./Core/Src/stm32h5xx_it.o
                0x08000fc4                MemManage_Handler
 .text.BusFault_Handler
                0x08000fcc        0x8 ./Core/Src/stm32h5xx_it.o
                0x08000fcc                BusFault_Handler
 .text.UsageFault_Handler
                0x08000fd4        0x8 ./Core/Src/stm32h5xx_it.o
                0x08000fd4                UsageFault_Handler
 .text.SVC_Handler
                0x08000fdc        0xe ./Core/Src/stm32h5xx_it.o
                0x08000fdc                SVC_Handler
 .text.DebugMon_Handler
                0x08000fea        0xe ./Core/Src/stm32h5xx_it.o
                0x08000fea                DebugMon_Handler
 .text.PendSV_Handler
                0x08000ff8        0xe ./Core/Src/stm32h5xx_it.o
                0x08000ff8                PendSV_Handler
 .text.SysTick_Handler
                0x08001006        0xc ./Core/Src/stm32h5xx_it.o
                0x08001006                SysTick_Handler
 *fill*         0x08001012        0x2 
 .text.SystemInit
                0x08001014       0xf8 ./Core/Src/system_stm32h5xx.o
                0x08001014                SystemInit
 .text.Reset_Handler
                0x0800110c       0x50 ./Core/Startup/startup_stm32h533retx.o
                0x0800110c                Reset_Handler
 .text.Default_Handler
                0x0800115c        0x2 ./Core/Startup/startup_stm32h533retx.o
                0x0800115c                EXTI2_IRQHandler
                0x0800115c                TIM8_TRG_COM_IRQHandler
                0x0800115c                TIM8_CC_IRQHandler
                0x0800115c                EXTI5_IRQHandler
                0x0800115c                I3C1_ER_IRQHandler
                0x0800115c                SPI4_IRQHandler
                0x0800115c                GPDMA2_Channel1_IRQHandler
                0x0800115c                FLASH_S_IRQHandler
                0x0800115c                EXTI13_IRQHandler
                0x0800115c                TIM1_CC_IRQHandler
                0x0800115c                GPDMA2_Channel3_IRQHandler
                0x0800115c                TAMP_IRQHandler
                0x0800115c                TIM6_IRQHandler
                0x0800115c                EXTI12_IRQHandler
                0x0800115c                USB_DRD_FS_IRQHandler
                0x0800115c                EXTI3_IRQHandler
                0x0800115c                GPDMA1_Channel5_IRQHandler
                0x0800115c                EXTI8_IRQHandler
                0x0800115c                GPDMA2_Channel5_IRQHandler
                0x0800115c                LPTIM2_IRQHandler
                0x0800115c                I2C3_ER_IRQHandler
                0x0800115c                GPDMA2_Channel2_IRQHandler
                0x0800115c                EXTI0_IRQHandler
                0x0800115c                I2C2_EV_IRQHandler
                0x0800115c                FPU_IRQHandler
                0x0800115c                GPDMA1_Channel3_IRQHandler
                0x0800115c                GPDMA1_Channel7_IRQHandler
                0x0800115c                FDCAN1_IT1_IRQHandler
                0x0800115c                RAMCFG_IRQHandler
                0x0800115c                DCACHE1_IRQHandler
                0x0800115c                SPI1_IRQHandler
                0x0800115c                OCTOSPI1_IRQHandler
                0x0800115c                GPDMA1_Channel2_IRQHandler
                0x0800115c                TIM8_UP_IRQHandler
                0x0800115c                RCC_S_IRQHandler
                0x0800115c                ADC1_IRQHandler
                0x0800115c                PKA_IRQHandler
                0x0800115c                USART6_IRQHandler
                0x0800115c                I3C2_ER_IRQHandler
                0x0800115c                EXTI15_IRQHandler
                0x0800115c                USART3_IRQHandler
                0x0800115c                RTC_IRQHandler
                0x0800115c                EXTI9_IRQHandler
                0x0800115c                UART5_IRQHandler
                0x0800115c                TIM4_IRQHandler
                0x0800115c                I3C2_EV_IRQHandler
                0x0800115c                I2C1_EV_IRQHandler
                0x0800115c                GPDMA1_Channel1_IRQHandler
                0x0800115c                UART4_IRQHandler
                0x0800115c                SecureFault_Handler
                0x0800115c                TIM3_IRQHandler
                0x0800115c                RCC_IRQHandler
                0x0800115c                TIM1_TRG_COM_IRQHandler
                0x0800115c                Default_Handler
                0x0800115c                CEC_IRQHandler
                0x0800115c                OTFDEC1_IRQHandler
                0x0800115c                GPDMA2_Channel4_IRQHandler
                0x0800115c                TIM12_IRQHandler
                0x0800115c                TIM7_IRQHandler
                0x0800115c                SDMMC1_IRQHandler
                0x0800115c                SAES_IRQHandler
                0x0800115c                TIM5_IRQHandler
                0x0800115c                UCPD1_IRQHandler
                0x0800115c                GPDMA1_Channel0_IRQHandler
                0x0800115c                I3C1_EV_IRQHandler
                0x0800115c                TIM15_IRQHandler
                0x0800115c                PVD_AVD_IRQHandler
                0x0800115c                I2C3_EV_IRQHandler
                0x0800115c                ADC2_IRQHandler
                0x0800115c                SPI2_IRQHandler
                0x0800115c                EXTI14_IRQHandler
                0x0800115c                EXTI11_IRQHandler
                0x0800115c                CRS_IRQHandler
                0x0800115c                EXTI4_IRQHandler
                0x0800115c                GPDMA2_Channel0_IRQHandler
                0x0800115c                RTC_S_IRQHandler
                0x0800115c                RNG_IRQHandler
                0x0800115c                FDCAN2_IT1_IRQHandler
                0x0800115c                GPDMA2_Channel6_IRQHandler
                0x0800115c                TIM1_UP_IRQHandler
                0x0800115c                WWDG_IRQHandler
                0x0800115c                FDCAN2_IT0_IRQHandler
                0x0800115c                IWDG_IRQHandler
                0x0800115c                LPUART1_IRQHandler
                0x0800115c                FDCAN1_IT0_IRQHandler
                0x0800115c                TIM2_IRQHandler
                0x0800115c                GPDMA1_Channel4_IRQHandler
                0x0800115c                EXTI7_IRQHandler
                0x0800115c                TIM1_BRK_IRQHandler
                0x0800115c                EXTI1_IRQHandler
                0x0800115c                AES_IRQHandler
                0x0800115c                DAC1_IRQHandler
                0x0800115c                DTS_IRQHandler
                0x0800115c                GTZC_IRQHandler
                0x0800115c                USART2_IRQHandler
                0x0800115c                GPDMA1_Channel6_IRQHandler
                0x0800115c                GPDMA2_Channel7_IRQHandler
                0x0800115c                I2C2_ER_IRQHandler
                0x0800115c                TIM8_BRK_IRQHandler
                0x0800115c                FLASH_IRQHandler
                0x0800115c                USART1_IRQHandler
                0x0800115c                EXTI10_IRQHandler
                0x0800115c                SPI3_IRQHandler
                0x0800115c                I2C1_ER_IRQHandler
                0x0800115c                FMC_IRQHandler
                0x0800115c                EXTI6_IRQHandler
                0x0800115c                LPTIM1_IRQHandler
                0x0800115c                DCMI_PSSI_IRQHandler
                0x0800115c                ICACHE_IRQHandler
                0x0800115c                HASH_IRQHandler
 *fill*         0x0800115e        0x2 
 .text.HAL_Init
                0x08001160       0x50 ./Drivers/STM32H5xx_HAL_Driver/Src/stm32h5xx_hal.o
                0x08001160                HAL_Init
 .text.HAL_InitTick
                0x080011b0       0xec ./Drivers/STM32H5xx_HAL_Driver/Src/stm32h5xx_hal.o
                0x080011b0                HAL_InitTick
 .text.HAL_IncTick
                0x0800129c       0x28 ./Drivers/STM32H5xx_HAL_Driver/Src/stm32h5xx_hal.o
                0x0800129c                HAL_IncTick
 .text.HAL_GetTick
                0x080012c4       0x18 ./Drivers/STM32H5xx_HAL_Driver/Src/stm32h5xx_hal.o
                0x080012c4                HAL_GetTick
 .text.HAL_Delay
                0x080012dc       0x48 ./Drivers/STM32H5xx_HAL_Driver/Src/stm32h5xx_hal.o
                0x080012dc                HAL_Delay
 .text.__NVIC_SetPriorityGrouping
                0x08001324       0x48 ./Drivers/STM32H5xx_HAL_Driver/Src/stm32h5xx_hal_cortex.o
 .text.__NVIC_GetPriorityGrouping
                0x0800136c       0x1c ./Drivers/STM32H5xx_HAL_Driver/Src/stm32h5xx_hal_cortex.o
 .text.__NVIC_SetPriority
                0x08001388       0x54 ./Drivers/STM32H5xx_HAL_Driver/Src/stm32h5xx_hal_cortex.o
 .text.NVIC_EncodePriority
                0x080013dc       0x66 ./Drivers/STM32H5xx_HAL_Driver/Src/stm32h5xx_hal_cortex.o
 .text.HAL_NVIC_SetPriorityGrouping
                0x08001442       0x16 ./Drivers/STM32H5xx_HAL_Driver/Src/stm32h5xx_hal_cortex.o
                0x08001442                HAL_NVIC_SetPriorityGrouping
 .text.HAL_NVIC_SetPriority
                0x08001458       0x34 ./Drivers/STM32H5xx_HAL_Driver/Src/stm32h5xx_hal_cortex.o
                0x08001458                HAL_NVIC_SetPriority
 .text.HAL_SYSTICK_Config
                0x0800148c       0x44 ./Drivers/STM32H5xx_HAL_Driver/Src/stm32h5xx_hal_cortex.o
                0x0800148c                HAL_SYSTICK_Config
 .text.HAL_SYSTICK_CLKSourceConfig
                0x080014d0       0xb0 ./Drivers/STM32H5xx_HAL_Driver/Src/stm32h5xx_hal_cortex.o
                0x080014d0                HAL_SYSTICK_CLKSourceConfig
 .text.HAL_SYSTICK_GetCLKSourceConfig
                0x08001580       0x6c ./Drivers/STM32H5xx_HAL_Driver/Src/stm32h5xx_hal_cortex.o
                0x08001580                HAL_SYSTICK_GetCLKSourceConfig
 .text.HAL_GPIO_Init
                0x080015ec      0x2bc ./Drivers/STM32H5xx_HAL_Driver/Src/stm32h5xx_hal_gpio.o
                0x080015ec                HAL_GPIO_Init
 .text.HAL_GPIO_WritePin
                0x080018a8       0x30 ./Drivers/STM32H5xx_HAL_Driver/Src/stm32h5xx_hal_gpio.o
                0x080018a8                HAL_GPIO_WritePin
 .text.HAL_GPIO_TogglePin
                0x080018d8       0x34 ./Drivers/STM32H5xx_HAL_Driver/Src/stm32h5xx_hal_gpio.o
                0x080018d8                HAL_GPIO_TogglePin
 .text.HAL_RCC_OscConfig
                0x0800190c      0x870 ./Drivers/STM32H5xx_HAL_Driver/Src/stm32h5xx_hal_rcc.o
                0x0800190c                HAL_RCC_OscConfig
 .text.HAL_RCC_ClockConfig
                0x0800217c      0x370 ./Drivers/STM32H5xx_HAL_Driver/Src/stm32h5xx_hal_rcc.o
                0x0800217c                HAL_RCC_ClockConfig
 .text.HAL_RCC_GetSysClockFreq
                0x080024ec      0x258 ./Drivers/STM32H5xx_HAL_Driver/Src/stm32h5xx_hal_rcc.o
                0x080024ec                HAL_RCC_GetSysClockFreq
 .text.HAL_RCC_GetHCLKFreq
                0x08002744       0x38 ./Drivers/STM32H5xx_HAL_Driver/Src/stm32h5xx_hal_rcc.o
                0x08002744                HAL_RCC_GetHCLKFreq
 .text.HAL_RCC_GetPCLK1Freq
                0x0800277c       0x2c ./Drivers/STM32H5xx_HAL_Driver/Src/stm32h5xx_hal_rcc.o
                0x0800277c                HAL_RCC_GetPCLK1Freq
 .text.HAL_RCC_GetPCLK2Freq
                0x080027a8       0x2c ./Drivers/STM32H5xx_HAL_Driver/Src/stm32h5xx_hal_rcc.o
                0x080027a8                HAL_RCC_GetPCLK2Freq
 .text.HAL_RCC_GetPCLK3Freq
                0x080027d4       0x2c ./Drivers/STM32H5xx_HAL_Driver/Src/stm32h5xx_hal_rcc.o
                0x080027d4                HAL_RCC_GetPCLK3Freq
 .text.HAL_RCCEx_PeriphCLKConfig
                0x08002800     0x1380 ./Drivers/STM32H5xx_HAL_Driver/Src/stm32h5xx_hal_rcc_ex.o
                0x08002800                HAL_RCCEx_PeriphCLKConfig
 .text.HAL_RCCEx_GetPLL1ClockFreq
                0x08003b80      0x2d8 ./Drivers/STM32H5xx_HAL_Driver/Src/stm32h5xx_hal_rcc_ex.o
                0x08003b80                HAL_RCCEx_GetPLL1ClockFreq
 .text.HAL_RCCEx_GetPLL2ClockFreq
                0x08003e58      0x2d8 ./Drivers/STM32H5xx_HAL_Driver/Src/stm32h5xx_hal_rcc_ex.o
                0x08003e58                HAL_RCCEx_GetPLL2ClockFreq
 .text.HAL_RCCEx_GetPLL3ClockFreq
                0x08004130      0x2d8 ./Drivers/STM32H5xx_HAL_Driver/Src/stm32h5xx_hal_rcc_ex.o
                0x08004130                HAL_RCCEx_GetPLL3ClockFreq
 .text.HAL_RCCEx_GetPeriphCLKFreq
                0x08004408     0x16a0 ./Drivers/STM32H5xx_HAL_Driver/Src/stm32h5xx_hal_rcc_ex.o
                0x08004408                HAL_RCCEx_GetPeriphCLKFreq
 .text.RCCEx_PLL2_Config
                0x08005aa8      0x130 ./Drivers/STM32H5xx_HAL_Driver/Src/stm32h5xx_hal_rcc_ex.o
 .text.RCCEx_PLL3_Config
                0x08005bd8      0x130 ./Drivers/STM32H5xx_HAL_Driver/Src/stm32h5xx_hal_rcc_ex.o
 .text.HAL_UART_Init
                0x08005d08       0xa0 ./Drivers/STM32H5xx_HAL_Driver/Src/stm32h5xx_hal_uart.o
                0x08005d08                HAL_UART_Init
 .text.HAL_UART_Transmit
                0x08005da8      0x13c ./Drivers/STM32H5xx_HAL_Driver/Src/stm32h5xx_hal_uart.o
                0x08005da8                HAL_UART_Transmit
 .text.UART_SetConfig
                0x08005ee4      0x35c ./Drivers/STM32H5xx_HAL_Driver/Src/stm32h5xx_hal_uart.o
                0x08005ee4                UART_SetConfig
 .text.UART_AdvFeatureConfig
                0x08006240      0x144 ./Drivers/STM32H5xx_HAL_Driver/Src/stm32h5xx_hal_uart.o
                0x08006240                UART_AdvFeatureConfig
 .text.UART_CheckIdleState
                0x08006384      0x154 ./Drivers/STM32H5xx_HAL_Driver/Src/stm32h5xx_hal_uart.o
                0x08006384                UART_CheckIdleState
 .text.UART_WaitOnFlagUntilTimeout
                0x080064d8       0xda ./Drivers/STM32H5xx_HAL_Driver/Src/stm32h5xx_hal_uart.o
                0x080064d8                UART_WaitOnFlagUntilTimeout
 .text.UART_EndRxTransfer
                0x080065b2       0xcc ./Drivers/STM32H5xx_HAL_Driver/Src/stm32h5xx_hal_uart.o
 .text.HAL_UARTEx_DisableFifoMode
                0x0800667e       0x72 ./Drivers/STM32H5xx_HAL_Driver/Src/stm32h5xx_hal_uart_ex.o
                0x0800667e                HAL_UARTEx_DisableFifoMode
 .text.HAL_UARTEx_SetTxFifoThreshold
                0x080066f0       0x7c ./Drivers/STM32H5xx_HAL_Driver/Src/stm32h5xx_hal_uart_ex.o
                0x080066f0                HAL_UARTEx_SetTxFifoThreshold
 .text.HAL_UARTEx_SetRxFifoThreshold
                0x0800676c       0x7c ./Drivers/STM32H5xx_HAL_Driver/Src/stm32h5xx_hal_uart_ex.o
                0x0800676c                HAL_UARTEx_SetRxFifoThreshold
 .text.UARTEx_SetNbDataToProcess
                0x080067e8       0x9c ./Drivers/STM32H5xx_HAL_Driver/Src/stm32h5xx_hal_uart_ex.o
 .text.HAL_XSPI_Init
                0x08006884      0x1b0 ./Drivers/STM32H5xx_HAL_Driver/Src/stm32h5xx_hal_xspi.o
                0x08006884                HAL_XSPI_Init
 .text.HAL_XSPI_Command
                0x08006a34      0x120 ./Drivers/STM32H5xx_HAL_Driver/Src/stm32h5xx_hal_xspi.o
                0x08006a34                HAL_XSPI_Command
 .text.HAL_XSPI_Transmit
                0x08006b54       0xe6 ./Drivers/STM32H5xx_HAL_Driver/Src/stm32h5xx_hal_xspi.o
                0x08006b54                HAL_XSPI_Transmit
 .text.HAL_XSPI_Receive
                0x08006c3a      0x146 ./Drivers/STM32H5xx_HAL_Driver/Src/stm32h5xx_hal_xspi.o
                0x08006c3a                HAL_XSPI_Receive
 .text.HAL_XSPI_SetTimeout
                0x08006d80       0x1e ./Drivers/STM32H5xx_HAL_Driver/Src/stm32h5xx_hal_xspi.o
                0x08006d80                HAL_XSPI_SetTimeout
 .text.XSPI_WaitFlagStateUntilTimeout
                0x08006d9e       0x6c ./Drivers/STM32H5xx_HAL_Driver/Src/stm32h5xx_hal_xspi.o
 *fill*         0x08006e0a        0x2 
 .text.XSPI_ConfigCmd
                0x08006e0c      0x350 ./Drivers/STM32H5xx_HAL_Driver/Src/stm32h5xx_hal_xspi.o
 .text.memset   0x0800715c       0x10 C:/ST/STM32CubeIDE_1.18.0/STM32CubeIDE/plugins/com.st.stm32cube.ide.mcu.externaltools.gnu-tools-for-stm32.13.3.rel1.win32_1.0.0.202411081344/tools/bin/../lib/gcc/arm-none-eabi/13.3.1/../../../../arm-none-eabi/lib/thumb/v8-m.main+fp/hard\libc_nano.a(libc_a-memset.o)
                0x0800715c                memset
 .text.__libc_init_array
                0x0800716c       0x48 C:/ST/STM32CubeIDE_1.18.0/STM32CubeIDE/plugins/com.st.stm32cube.ide.mcu.externaltools.gnu-tools-for-stm32.13.3.rel1.win32_1.0.0.202411081344/tools/bin/../lib/gcc/arm-none-eabi/13.3.1/../../../../arm-none-eabi/lib/thumb/v8-m.main+fp/hard\libc_nano.a(libc_a-init.o)
                0x0800716c                __libc_init_array
 .text.strcpy   0x080071b4       0x10 C:/ST/STM32CubeIDE_1.18.0/STM32CubeIDE/plugins/com.st.stm32cube.ide.mcu.externaltools.gnu-tools-for-stm32.13.3.rel1.win32_1.0.0.202411081344/tools/bin/../lib/gcc/arm-none-eabi/13.3.1/../../../../arm-none-eabi/lib/thumb/v8-m.main+fp/hard\libc_nano.a(libc_a-strcpy.o)
                0x080071b4                strcpy
 .text.memcpy   0x080071c4       0x1a C:/ST/STM32CubeIDE_1.18.0/STM32CubeIDE/plugins/com.st.stm32cube.ide.mcu.externaltools.gnu-tools-for-stm32.13.3.rel1.win32_1.0.0.202411081344/tools/bin/../lib/gcc/arm-none-eabi/13.3.1/../../../../arm-none-eabi/lib/thumb/v8-m.main+fp/hard\libc_nano.a(libc_a-memcpy-stub.o)
                0x080071c4                memcpy
 *(.glue_7)
 .glue_7        0x080071de        0x0 linker stubs
 *(.glue_7t)
 .glue_7t       0x080071de        0x0 linker stubs
 *(.eh_frame)
 *fill*         0x080071de        0x2 
 .eh_frame      0x080071e0        0x0 C:/ST/STM32CubeIDE_1.18.0/STM32CubeIDE/plugins/com.st.stm32cube.ide.mcu.externaltools.gnu-tools-for-stm32.13.3.rel1.win32_1.0.0.202411081344/tools/bin/../lib/gcc/arm-none-eabi/13.3.1/thumb/v8-m.main+fp/hard/crtbegin.o
 *(.init)
 .init          0x080071e0        0x4 C:/ST/STM32CubeIDE_1.18.0/STM32CubeIDE/plugins/com.st.stm32cube.ide.mcu.externaltools.gnu-tools-for-stm32.13.3.rel1.win32_1.0.0.202411081344/tools/bin/../lib/gcc/arm-none-eabi/13.3.1/thumb/v8-m.main+fp/hard/crti.o
                0x080071e0                _init
 .init          0x080071e4        0x8 C:/ST/STM32CubeIDE_1.18.0/STM32CubeIDE/plugins/com.st.stm32cube.ide.mcu.externaltools.gnu-tools-for-stm32.13.3.rel1.win32_1.0.0.202411081344/tools/bin/../lib/gcc/arm-none-eabi/13.3.1/thumb/v8-m.main+fp/hard/crtn.o
 *(.fini)
 .fini          0x080071ec        0x4 C:/ST/STM32CubeIDE_1.18.0/STM32CubeIDE/plugins/com.st.stm32cube.ide.mcu.externaltools.gnu-tools-for-stm32.13.3.rel1.win32_1.0.0.202411081344/tools/bin/../lib/gcc/arm-none-eabi/13.3.1/thumb/v8-m.main+fp/hard/crti.o
                0x080071ec                _fini
 .fini          0x080071f0        0x8 C:/ST/STM32CubeIDE_1.18.0/STM32CubeIDE/plugins/com.st.stm32cube.ide.mcu.externaltools.gnu-tools-for-stm32.13.3.rel1.win32_1.0.0.202411081344/tools/bin/../lib/gcc/arm-none-eabi/13.3.1/thumb/v8-m.main+fp/hard/crtn.o
                0x080071f8                        . = ALIGN (0x4)
                0x080071f8                        _etext = .

.vfp11_veneer   0x080071f8        0x0
 .vfp11_veneer  0x080071f8        0x0 linker stubs

.v4_bx          0x080071f8        0x0
 .v4_bx         0x080071f8        0x0 linker stubs

.iplt           0x080071f8        0x0
 .iplt          0x080071f8        0x0 C:/ST/STM32CubeIDE_1.18.0/STM32CubeIDE/plugins/com.st.stm32cube.ide.mcu.externaltools.gnu-tools-for-stm32.13.3.rel1.win32_1.0.0.202411081344/tools/bin/../lib/gcc/arm-none-eabi/13.3.1/thumb/v8-m.main+fp/hard/crtbegin.o

.rodata         0x080071f8      0x104
                0x080071f8                        . = ALIGN (0x4)
 *(.rodata)
 .rodata        0x080071f8       0x8c ./Core/Src/main.o
 .rodata        0x08007284       0x33 ./Core/Src/my_hal.o
 *fill*         0x080072b7        0x1 
 .rodata        0x080072b8        0x1 ./Core/Src/my_spi.o
 *(.rodata*)
 *fill*         0x080072b9        0x3 
 .rodata.AHBPrescTable
                0x080072bc       0x10 ./Core/Src/system_stm32h5xx.o
                0x080072bc                AHBPrescTable
 .rodata.APBPrescTable
                0x080072cc        0x8 ./Core/Src/system_stm32h5xx.o
                0x080072cc                APBPrescTable
 .rodata.UARTPrescTable
                0x080072d4       0x18 ./Drivers/STM32H5xx_HAL_Driver/Src/stm32h5xx_hal_uart.o
                0x080072d4                UARTPrescTable
 .rodata.numerator.1
                0x080072ec        0x8 ./Drivers/STM32H5xx_HAL_Driver/Src/stm32h5xx_hal_uart_ex.o
 .rodata.denominator.0
                0x080072f4        0x8 ./Drivers/STM32H5xx_HAL_Driver/Src/stm32h5xx_hal_uart_ex.o
                0x080072fc                        . = ALIGN (0x4)

.ARM.extab      0x080072fc        0x0
                0x080072fc                        . = ALIGN (0x4)
 *(.ARM.extab* .gnu.linkonce.armextab.*)
                0x080072fc                        . = ALIGN (0x4)

.ARM            0x080072fc        0x8
                0x080072fc                        . = ALIGN (0x4)
                0x080072fc                        __exidx_start = .
 *(.ARM.exidx*)
 .ARM.exidx     0x080072fc        0x8 C:/ST/STM32CubeIDE_1.18.0/STM32CubeIDE/plugins/com.st.stm32cube.ide.mcu.externaltools.gnu-tools-for-stm32.13.3.rel1.win32_1.0.0.202411081344/tools/bin/../lib/gcc/arm-none-eabi/13.3.1/../../../../arm-none-eabi/lib/thumb/v8-m.main+fp/hard\libc_nano.a(libc_a-strlen.o)
 .ARM.exidx     0x08007304        0x0 C:/ST/STM32CubeIDE_1.18.0/STM32CubeIDE/plugins/com.st.stm32cube.ide.mcu.externaltools.gnu-tools-for-stm32.13.3.rel1.win32_1.0.0.202411081344/tools/bin/../lib/gcc/arm-none-eabi/13.3.1/thumb/v8-m.main+fp/hard\libgcc.a(_udivmoddi4.o)
                                  0x8 (size before relaxing)
                0x08007304                        __exidx_end = .
                0x08007304                        . = ALIGN (0x4)

.preinit_array  0x08007304        0x0
                0x08007304                        . = ALIGN (0x4)
                0x08007304                        PROVIDE (__preinit_array_start = .)
 *(.preinit_array*)
                0x08007304                        PROVIDE (__preinit_array_end = .)
                0x08007304                        . = ALIGN (0x4)

.init_array     0x08007304        0x4
                0x08007304                        . = ALIGN (0x4)
                0x08007304                        PROVIDE (__init_array_start = .)
 *(SORT_BY_NAME(.init_array.*))
 *(.init_array*)
 .init_array    0x08007304        0x4 C:/ST/STM32CubeIDE_1.18.0/STM32CubeIDE/plugins/com.st.stm32cube.ide.mcu.externaltools.gnu-tools-for-stm32.13.3.rel1.win32_1.0.0.202411081344/tools/bin/../lib/gcc/arm-none-eabi/13.3.1/thumb/v8-m.main+fp/hard/crtbegin.o
                0x08007308                        PROVIDE (__init_array_end = .)
                0x08007308                        . = ALIGN (0x4)

.fini_array     0x08007308        0x4
                0x08007308                        . = ALIGN (0x4)
                [!provide]                        PROVIDE (__fini_array_start = .)
 *(SORT_BY_NAME(.fini_array.*))
 *(.fini_array*)
 .fini_array    0x08007308        0x4 C:/ST/STM32CubeIDE_1.18.0/STM32CubeIDE/plugins/com.st.stm32cube.ide.mcu.externaltools.gnu-tools-for-stm32.13.3.rel1.win32_1.0.0.202411081344/tools/bin/../lib/gcc/arm-none-eabi/13.3.1/thumb/v8-m.main+fp/hard/crtbegin.o
                [!provide]                        PROVIDE (__fini_array_end = .)
                0x0800730c                        . = ALIGN (0x4)
                0x0800730c                        _sidata = LOADADDR (.data)

.rel.dyn        0x0800730c        0x0
 .rel.iplt      0x0800730c        0x0 C:/ST/STM32CubeIDE_1.18.0/STM32CubeIDE/plugins/com.st.stm32cube.ide.mcu.externaltools.gnu-tools-for-stm32.13.3.rel1.win32_1.0.0.202411081344/tools/bin/../lib/gcc/arm-none-eabi/13.3.1/thumb/v8-m.main+fp/hard/crtbegin.o

.data           0x20000000        0xc load address 0x0800730c
                0x20000000                        . = ALIGN (0x4)
                0x20000000                        _sdata = .
 *(.data)
 *(.data*)
 .data.SystemCoreClock
                0x20000000        0x4 ./Core/Src/system_stm32h5xx.o
                0x20000000                SystemCoreClock
 .data.uwTickPrio
                0x20000004        0x4 ./Drivers/STM32H5xx_HAL_Driver/Src/stm32h5xx_hal.o
                0x20000004                uwTickPrio
 .data.uwTickFreq
                0x20000008        0x1 ./Drivers/STM32H5xx_HAL_Driver/Src/stm32h5xx_hal.o
                0x20000008                uwTickFreq
 *(.RamFunc)
 *(.RamFunc*)
                0x2000000c                        . = ALIGN (0x4)
 *fill*         0x20000009        0x3 
                0x2000000c                        _edata = .

.igot.plt       0x2000000c        0x0 load address 0x08007318
 .igot.plt      0x2000000c        0x0 C:/ST/STM32CubeIDE_1.18.0/STM32CubeIDE/plugins/com.st.stm32cube.ide.mcu.externaltools.gnu-tools-for-stm32.13.3.rel1.win32_1.0.0.202411081344/tools/bin/../lib/gcc/arm-none-eabi/13.3.1/thumb/v8-m.main+fp/hard/crtbegin.o
                0x2000000c                        . = ALIGN (0x4)

.bss            0x2000000c      0x110 load address 0x08007318
                0x2000000c                        _sbss = .
                0x2000000c                        __bss_start__ = _sbss
 *(.bss)
 .bss           0x2000000c       0x1c C:/ST/STM32CubeIDE_1.18.0/STM32CubeIDE/plugins/com.st.stm32cube.ide.mcu.externaltools.gnu-tools-for-stm32.13.3.rel1.win32_1.0.0.202411081344/tools/bin/../lib/gcc/arm-none-eabi/13.3.1/thumb/v8-m.main+fp/hard/crtbegin.o
 *(.bss*)
 .bss.hospi1    0x20000028       0x5c ./Core/Src/main.o
                0x20000028                hospi1
 .bss.huart2    0x20000084       0x94 ./Core/Src/main.o
                0x20000084                huart2
 .bss.uwTick    0x20000118        0x4 ./Drivers/STM32H5xx_HAL_Driver/Src/stm32h5xx_hal.o
                0x20000118                uwTick
 *(COMMON)
                0x2000011c                        . = ALIGN (0x4)
                0x2000011c                        _ebss = .
                0x2000011c                        __bss_end__ = _ebss

._user_heap_stack
                0x2000011c      0x604 load address 0x08007318
                0x20000120                        . = ALIGN (0x8)
 *fill*         0x2000011c        0x4 
                [!provide]                        PROVIDE (end = .)
                0x20000120                        PROVIDE (_end = .)
                0x20000320                        . = (. + _Min_Heap_Size)
 *fill*         0x20000120      0x200 
                0x20000720                        . = (. + _Min_Stack_Size)
 *fill*         0x20000320      0x400 
                0x20000720                        . = ALIGN (0x8)

/DISCARD/
 libc.a(*)
 libm.a(*)
 libgcc.a(*)

.ARM.attributes
                0x00000000       0x36
 *(.ARM.attributes)
 .ARM.attributes
                0x00000000       0x26 C:/ST/STM32CubeIDE_1.18.0/STM32CubeIDE/plugins/com.st.stm32cube.ide.mcu.externaltools.gnu-tools-for-stm32.13.3.rel1.win32_1.0.0.202411081344/tools/bin/../lib/gcc/arm-none-eabi/13.3.1/thumb/v8-m.main+fp/hard/crti.o
 .ARM.attributes
                0x00000026       0x38 C:/ST/STM32CubeIDE_1.18.0/STM32CubeIDE/plugins/com.st.stm32cube.ide.mcu.externaltools.gnu-tools-for-stm32.13.3.rel1.win32_1.0.0.202411081344/tools/bin/../lib/gcc/arm-none-eabi/13.3.1/thumb/v8-m.main+fp/hard/crtbegin.o
 .ARM.attributes
                0x0000005e       0x3a ./Core/Src/main.o
 .ARM.attributes
                0x00000098       0x3a ./Core/Src/my_hal.o
 .ARM.attributes
                0x000000d2       0x3a ./Core/Src/my_spi.o
 .ARM.attributes
                0x0000010c       0x3a ./Core/Src/stm32h5xx_hal_msp.o
 .ARM.attributes
                0x00000146       0x3a ./Core/Src/stm32h5xx_it.o
 .ARM.attributes
                0x00000180       0x3a ./Core/Src/system_stm32h5xx.o
 .ARM.attributes
                0x000001ba       0x24 ./Core/Startup/startup_stm32h533retx.o
 .ARM.attributes
                0x000001de       0x3a ./Drivers/STM32H5xx_HAL_Driver/Src/stm32h5xx_hal.o
 .ARM.attributes
                0x00000218       0x3a ./Drivers/STM32H5xx_HAL_Driver/Src/stm32h5xx_hal_cortex.o
 .ARM.attributes
                0x00000252       0x3a ./Drivers/STM32H5xx_HAL_Driver/Src/stm32h5xx_hal_gpio.o
 .ARM.attributes
                0x0000028c       0x3a ./Drivers/STM32H5xx_HAL_Driver/Src/stm32h5xx_hal_rcc.o
 .ARM.attributes
                0x000002c6       0x3a ./Drivers/STM32H5xx_HAL_Driver/Src/stm32h5xx_hal_rcc_ex.o
 .ARM.attributes
                0x00000300       0x3a ./Drivers/STM32H5xx_HAL_Driver/Src/stm32h5xx_hal_uart.o
 .ARM.attributes
                0x0000033a       0x3a ./Drivers/STM32H5xx_HAL_Driver/Src/stm32h5xx_hal_uart_ex.o
 .ARM.attributes
                0x00000374       0x3a ./Drivers/STM32H5xx_HAL_Driver/Src/stm32h5xx_hal_xspi.o
 .ARM.attributes
                0x000003ae       0x38 C:/ST/STM32CubeIDE_1.18.0/STM32CubeIDE/plugins/com.st.stm32cube.ide.mcu.externaltools.gnu-tools-for-stm32.13.3.rel1.win32_1.0.0.202411081344/tools/bin/../lib/gcc/arm-none-eabi/13.3.1/../../../../arm-none-eabi/lib/thumb/v8-m.main+fp/hard\libc_nano.a(libc_a-memset.o)
 .ARM.attributes
                0x000003e6       0x38 C:/ST/STM32CubeIDE_1.18.0/STM32CubeIDE/plugins/com.st.stm32cube.ide.mcu.externaltools.gnu-tools-for-stm32.13.3.rel1.win32_1.0.0.202411081344/tools/bin/../lib/gcc/arm-none-eabi/13.3.1/../../../../arm-none-eabi/lib/thumb/v8-m.main+fp/hard\libc_nano.a(libc_a-init.o)
 .ARM.attributes
                0x0000041e       0x38 C:/ST/STM32CubeIDE_1.18.0/STM32CubeIDE/plugins/com.st.stm32cube.ide.mcu.externaltools.gnu-tools-for-stm32.13.3.rel1.win32_1.0.0.202411081344/tools/bin/../lib/gcc/arm-none-eabi/13.3.1/../../../../arm-none-eabi/lib/thumb/v8-m.main+fp/hard\libc_nano.a(libc_a-strcpy.o)
 .ARM.attributes
                0x00000456       0x38 C:/ST/STM32CubeIDE_1.18.0/STM32CubeIDE/plugins/com.st.stm32cube.ide.mcu.externaltools.gnu-tools-for-stm32.13.3.rel1.win32_1.0.0.202411081344/tools/bin/../lib/gcc/arm-none-eabi/13.3.1/../../../../arm-none-eabi/lib/thumb/v8-m.main+fp/hard\libc_nano.a(libc_a-memcpy-stub.o)
 .ARM.attributes
                0x0000048e       0x24 C:/ST/STM32CubeIDE_1.18.0/STM32CubeIDE/plugins/com.st.stm32cube.ide.mcu.externaltools.gnu-tools-for-stm32.13.3.rel1.win32_1.0.0.202411081344/tools/bin/../lib/gcc/arm-none-eabi/13.3.1/../../../../arm-none-eabi/lib/thumb/v8-m.main+fp/hard\libc_nano.a(libc_a-strlen.o)
 .ARM.attributes
                0x000004b2       0x26 C:/ST/STM32CubeIDE_1.18.0/STM32CubeIDE/plugins/com.st.stm32cube.ide.mcu.externaltools.gnu-tools-for-stm32.13.3.rel1.win32_1.0.0.202411081344/tools/bin/../lib/gcc/arm-none-eabi/13.3.1/thumb/v8-m.main+fp/hard\libgcc.a(_aeabi_uldivmod.o)
 .ARM.attributes
                0x000004d8       0x38 C:/ST/STM32CubeIDE_1.18.0/STM32CubeIDE/plugins/com.st.stm32cube.ide.mcu.externaltools.gnu-tools-for-stm32.13.3.rel1.win32_1.0.0.202411081344/tools/bin/../lib/gcc/arm-none-eabi/13.3.1/thumb/v8-m.main+fp/hard\libgcc.a(_udivmoddi4.o)
 .ARM.attributes
                0x00000510       0x26 C:/ST/STM32CubeIDE_1.18.0/STM32CubeIDE/plugins/com.st.stm32cube.ide.mcu.externaltools.gnu-tools-for-stm32.13.3.rel1.win32_1.0.0.202411081344/tools/bin/../lib/gcc/arm-none-eabi/13.3.1/thumb/v8-m.main+fp/hard\libgcc.a(_dvmd_tls.o)
 .ARM.attributes
                0x00000536       0x26 C:/ST/STM32CubeIDE_1.18.0/STM32CubeIDE/plugins/com.st.stm32cube.ide.mcu.externaltools.gnu-tools-for-stm32.13.3.rel1.win32_1.0.0.202411081344/tools/bin/../lib/gcc/arm-none-eabi/13.3.1/thumb/v8-m.main+fp/hard/crtn.o
OUTPUT(BP_2.elf elf32-littlearm)
LOAD linker stubs
LOAD C:/ST/STM32CubeIDE_1.18.0/STM32CubeIDE/plugins/com.st.stm32cube.ide.mcu.externaltools.gnu-tools-for-stm32.13.3.rel1.win32_1.0.0.202411081344/tools/bin/../lib/gcc/arm-none-eabi/13.3.1/../../../../arm-none-eabi/lib/thumb/v8-m.main+fp/hard\libc.a
LOAD C:/ST/STM32CubeIDE_1.18.0/STM32CubeIDE/plugins/com.st.stm32cube.ide.mcu.externaltools.gnu-tools-for-stm32.13.3.rel1.win32_1.0.0.202411081344/tools/bin/../lib/gcc/arm-none-eabi/13.3.1/../../../../arm-none-eabi/lib/thumb/v8-m.main+fp/hard\libm.a
LOAD C:/ST/STM32CubeIDE_1.18.0/STM32CubeIDE/plugins/com.st.stm32cube.ide.mcu.externaltools.gnu-tools-for-stm32.13.3.rel1.win32_1.0.0.202411081344/tools/bin/../lib/gcc/arm-none-eabi/13.3.1/thumb/v8-m.main+fp/hard\libgcc.a

.debug_info     0x00000000    0x119ce
 .debug_info    0x00000000     0x1da9 ./Core/Src/main.o
 .debug_info    0x00001da9      0xb3b ./Core/Src/my_hal.o
 .debug_info    0x000028e4      0xdbf ./Core/Src/my_spi.o
 .debug_info    0x000036a3     0x16e2 ./Core/Src/stm32h5xx_hal_msp.o
 .debug_info    0x00004d85      0x128 ./Core/Src/stm32h5xx_it.o
 .debug_info    0x00004ead      0xce0 ./Core/Src/system_stm32h5xx.o
 .debug_info    0x00005b8d       0x30 ./Core/Startup/startup_stm32h533retx.o
 .debug_info    0x00005bbd     0x1302 ./Drivers/STM32H5xx_HAL_Driver/Src/stm32h5xx_hal.o
 .debug_info    0x00006ebf     0x15e0 ./Drivers/STM32H5xx_HAL_Driver/Src/stm32h5xx_hal_cortex.o
 .debug_info    0x0000849f      0x6b6 ./Drivers/STM32H5xx_HAL_Driver/Src/stm32h5xx_hal_gpio.o
 .debug_info    0x00008b55     0x1009 ./Drivers/STM32H5xx_HAL_Driver/Src/stm32h5xx_hal_rcc.o
 .debug_info    0x00009b5e     0x1204 ./Drivers/STM32H5xx_HAL_Driver/Src/stm32h5xx_hal_rcc_ex.o
 .debug_info    0x0000ad62     0x4066 ./Drivers/STM32H5xx_HAL_Driver/Src/stm32h5xx_hal_uart.o
 .debug_info    0x0000edc8     0x10ec ./Drivers/STM32H5xx_HAL_Driver/Src/stm32h5xx_hal_uart_ex.o
 .debug_info    0x0000feb4     0x1b1a ./Drivers/STM32H5xx_HAL_Driver/Src/stm32h5xx_hal_xspi.o

.debug_abbrev   0x00000000     0x1f95
 .debug_abbrev  0x00000000      0x2c8 ./Core/Src/main.o
 .debug_abbrev  0x000002c8      0x1e7 ./Core/Src/my_hal.o
 .debug_abbrev  0x000004af      0x1bc ./Core/Src/my_spi.o
 .debug_abbrev  0x0000066b      0x208 ./Core/Src/stm32h5xx_hal_msp.o
 .debug_abbrev  0x00000873       0x73 ./Core/Src/stm32h5xx_it.o
 .debug_abbrev  0x000008e6      0x13a ./Core/Src/system_stm32h5xx.o
 .debug_abbrev  0x00000a20       0x24 ./Core/Startup/startup_stm32h533retx.o
 .debug_abbrev  0x00000a44      0x2af ./Drivers/STM32H5xx_HAL_Driver/Src/stm32h5xx_hal.o
 .debug_abbrev  0x00000cf3      0x311 ./Drivers/STM32H5xx_HAL_Driver/Src/stm32h5xx_hal_cortex.o
 .debug_abbrev  0x00001004      0x1db ./Drivers/STM32H5xx_HAL_Driver/Src/stm32h5xx_hal_gpio.o
 .debug_abbrev  0x000011df      0x290 ./Drivers/STM32H5xx_HAL_Driver/Src/stm32h5xx_hal_rcc.o
 .debug_abbrev  0x0000146f      0x25c ./Drivers/STM32H5xx_HAL_Driver/Src/stm32h5xx_hal_rcc_ex.o
 .debug_abbrev  0x000016cb      0x305 ./Drivers/STM32H5xx_HAL_Driver/Src/stm32h5xx_hal_uart.o
 .debug_abbrev  0x000019d0      0x2d4 ./Drivers/STM32H5xx_HAL_Driver/Src/stm32h5xx_hal_uart_ex.o
 .debug_abbrev  0x00001ca4      0x2f1 ./Drivers/STM32H5xx_HAL_Driver/Src/stm32h5xx_hal_xspi.o

.debug_aranges  0x00000000      0xba0
 .debug_aranges
                0x00000000       0x48 ./Core/Src/main.o
 .debug_aranges
                0x00000048       0x38 ./Core/Src/my_hal.o
 .debug_aranges
                0x00000080       0x48 ./Core/Src/my_spi.o
 .debug_aranges
                0x000000c8       0x40 ./Core/Src/stm32h5xx_hal_msp.o
 .debug_aranges
                0x00000108       0x60 ./Core/Src/stm32h5xx_it.o
 .debug_aranges
                0x00000168       0x28 ./Core/Src/system_stm32h5xx.o
 .debug_aranges
                0x00000190       0x28 ./Core/Startup/startup_stm32h533retx.o
 .debug_aranges
                0x000001b8      0x1f8 ./Drivers/STM32H5xx_HAL_Driver/Src/stm32h5xx_hal.o
 .debug_aranges
                0x000003b0      0x140 ./Drivers/STM32H5xx_HAL_Driver/Src/stm32h5xx_hal_cortex.o
 .debug_aranges
                0x000004f0       0x78 ./Drivers/STM32H5xx_HAL_Driver/Src/stm32h5xx_hal_gpio.o
 .debug_aranges
                0x00000568       0xa0 ./Drivers/STM32H5xx_HAL_Driver/Src/stm32h5xx_hal_rcc.o
 .debug_aranges
                0x00000608      0x108 ./Drivers/STM32H5xx_HAL_Driver/Src/stm32h5xx_hal_rcc_ex.o
 .debug_aranges
                0x00000710      0x248 ./Drivers/STM32H5xx_HAL_Driver/Src/stm32h5xx_hal_uart.o
 .debug_aranges
                0x00000958       0xa8 ./Drivers/STM32H5xx_HAL_Driver/Src/stm32h5xx_hal_uart_ex.o
 .debug_aranges
                0x00000a00      0x1a0 ./Drivers/STM32H5xx_HAL_Driver/Src/stm32h5xx_hal_xspi.o

.debug_rnglists
                0x00000000      0x8f5
 .debug_rnglists
                0x00000000       0x35 ./Core/Src/main.o
 .debug_rnglists
                0x00000035       0x26 ./Core/Src/my_hal.o
 .debug_rnglists
                0x0000005b       0x34 ./Core/Src/my_spi.o
 .debug_rnglists
                0x0000008f       0x2d ./Core/Src/stm32h5xx_hal_msp.o
 .debug_rnglists
                0x000000bc       0x43 ./Core/Src/stm32h5xx_it.o
 .debug_rnglists
                0x000000ff       0x1b ./Core/Src/system_stm32h5xx.o
 .debug_rnglists
                0x0000011a       0x19 ./Core/Startup/startup_stm32h533retx.o
 .debug_rnglists
                0x00000133      0x177 ./Drivers/STM32H5xx_HAL_Driver/Src/stm32h5xx_hal.o
 .debug_rnglists
                0x000002aa       0xec ./Drivers/STM32H5xx_HAL_Driver/Src/stm32h5xx_hal_cortex.o
 .debug_rnglists
                0x00000396       0x57 ./Drivers/STM32H5xx_HAL_Driver/Src/stm32h5xx_hal_gpio.o
 .debug_rnglists
                0x000003ed       0x79 ./Drivers/STM32H5xx_HAL_Driver/Src/stm32h5xx_hal_rcc.o
 .debug_rnglists
                0x00000466       0xcf ./Drivers/STM32H5xx_HAL_Driver/Src/stm32h5xx_hal_rcc_ex.o
 .debug_rnglists
                0x00000535      0x1fb ./Drivers/STM32H5xx_HAL_Driver/Src/stm32h5xx_hal_uart.o
 .debug_rnglists
                0x00000730       0x7f ./Drivers/STM32H5xx_HAL_Driver/Src/stm32h5xx_hal_uart_ex.o
 .debug_rnglists
                0x000007af      0x146 ./Drivers/STM32H5xx_HAL_Driver/Src/stm32h5xx_hal_xspi.o

.debug_macro    0x00000000    0x2afbe
 .debug_macro   0x00000000      0x340 ./Core/Src/main.o
 .debug_macro   0x00000340      0xade ./Core/Src/main.o
 .debug_macro   0x00000e1e      0x199 ./Core/Src/main.o
 .debug_macro   0x00000fb7       0x22 ./Core/Src/main.o
 .debug_macro   0x00000fd9       0x5b ./Core/Src/main.o
 .debug_macro   0x00001034       0x2a ./Core/Src/main.o
 .debug_macro   0x0000105e       0x94 ./Core/Src/main.o
 .debug_macro   0x000010f2       0x43 ./Core/Src/main.o
 .debug_macro   0x00001135       0x34 ./Core/Src/main.o
 .debug_macro   0x00001169      0x190 ./Core/Src/main.o
 .debug_macro   0x000012f9       0x57 ./Core/Src/main.o
 .debug_macro   0x00001350      0x370 ./Core/Src/main.o
 .debug_macro   0x000016c0       0x16 ./Core/Src/main.o
 .debug_macro   0x000016d6       0x4a ./Core/Src/main.o
 .debug_macro   0x00001720       0x34 ./Core/Src/main.o
 .debug_macro   0x00001754       0x10 ./Core/Src/main.o
 .debug_macro   0x00001764       0x58 ./Core/Src/main.o
 .debug_macro   0x000017bc       0x8e ./Core/Src/main.o
 .debug_macro   0x0000184a       0x1c ./Core/Src/main.o
 .debug_macro   0x00001866      0x185 ./Core/Src/main.o
 .debug_macro   0x000019eb      0x19b ./Core/Src/main.o
 .debug_macro   0x00001b86       0x28 ./Core/Src/main.o
 .debug_macro   0x00001bae       0x42 ./Core/Src/main.o
 .debug_macro   0x00001bf0      0x103 ./Core/Src/main.o
 .debug_macro   0x00001cf3       0x6a ./Core/Src/main.o
 .debug_macro   0x00001d5d      0x1df ./Core/Src/main.o
 .debug_macro   0x00001f3c       0x1c ./Core/Src/main.o
 .debug_macro   0x00001f58       0x29 ./Core/Src/main.o
 .debug_macro   0x00001f81       0xfb ./Core/Src/main.o
 .debug_macro   0x0000207c     0x1685 ./Core/Src/main.o
 .debug_macro   0x00003701       0x5e ./Core/Src/main.o
 .debug_macro   0x0000375f    0x1c054 ./Core/Src/main.o
 .debug_macro   0x0001f7b3       0x6d ./Core/Src/main.o
 .debug_macro   0x0001f820     0x388a ./Core/Src/main.o
 .debug_macro   0x000230aa       0x63 ./Core/Src/main.o
 .debug_macro   0x0002310d     0x1a59 ./Core/Src/main.o
 .debug_macro   0x00024b66      0xa9f ./Core/Src/main.o
 .debug_macro   0x00025605      0x166 ./Core/Src/main.o
 .debug_macro   0x0002576b      0x262 ./Core/Src/main.o
 .debug_macro   0x000259cd      0x765 ./Core/Src/main.o
 .debug_macro   0x00026132      0x424 ./Core/Src/main.o
 .debug_macro   0x00026556       0xd6 ./Core/Src/main.o
 .debug_macro   0x0002662c      0x1cd ./Core/Src/main.o
 .debug_macro   0x000267f9      0x2bb ./Core/Src/main.o
 .debug_macro   0x00026ab4      0x57b ./Core/Src/main.o
 .debug_macro   0x0002702f       0x7b ./Core/Src/main.o
 .debug_macro   0x000270aa      0x313 ./Core/Src/main.o
 .debug_macro   0x000273bd      0x1bb ./Core/Src/main.o
 .debug_macro   0x00027578       0x1c ./Core/Src/main.o
 .debug_macro   0x00027594      0x65b ./Core/Src/main.o
 .debug_macro   0x00027bef      0x693 ./Core/Src/main.o
 .debug_macro   0x00028282       0xa6 ./Core/Src/main.o
 .debug_macro   0x00028328      0x253 ./Core/Src/main.o
 .debug_macro   0x0002857b      0x469 ./Core/Src/main.o
 .debug_macro   0x000289e4       0x16 ./Core/Src/main.o
 .debug_macro   0x000289fa       0x3c ./Core/Src/main.o
 .debug_macro   0x00028a36       0x20 ./Core/Src/main.o
 .debug_macro   0x00028a56       0x16 ./Core/Src/main.o
 .debug_macro   0x00028a6c       0x16 ./Core/Src/main.o
 .debug_macro   0x00028a82       0x29 ./Core/Src/main.o
 .debug_macro   0x00028aab       0x1c ./Core/Src/main.o
 .debug_macro   0x00028ac7       0x10 ./Core/Src/main.o
 .debug_macro   0x00028ad7       0x1c ./Core/Src/main.o
 .debug_macro   0x00028af3       0x16 ./Core/Src/main.o
 .debug_macro   0x00028b09      0x146 ./Core/Src/main.o
 .debug_macro   0x00028c4f      0x1c0 ./Core/Src/main.o
 .debug_macro   0x00028e0f       0x10 ./Core/Src/main.o
 .debug_macro   0x00028e1f      0x2d0 ./Core/Src/my_hal.o
 .debug_macro   0x000290ef       0x10 ./Core/Src/my_hal.o
 .debug_macro   0x000290ff      0x28b ./Core/Src/my_spi.o
 .debug_macro   0x0002938a      0x27c ./Core/Src/stm32h5xx_hal_msp.o
 .debug_macro   0x00029606      0x286 ./Core/Src/stm32h5xx_it.o
 .debug_macro   0x0002988c      0x279 ./Core/Src/system_stm32h5xx.o
 .debug_macro   0x00029b05      0x2a8 ./Drivers/STM32H5xx_HAL_Driver/Src/stm32h5xx_hal.o
 .debug_macro   0x00029dad      0x272 ./Drivers/STM32H5xx_HAL_Driver/Src/stm32h5xx_hal_cortex.o
 .debug_macro   0x0002a01f      0x2a8 ./Drivers/STM32H5xx_HAL_Driver/Src/stm32h5xx_hal_gpio.o
 .debug_macro   0x0002a2c7      0x2b4 ./Drivers/STM32H5xx_HAL_Driver/Src/stm32h5xx_hal_rcc.o
 .debug_macro   0x0002a57b      0x284 ./Drivers/STM32H5xx_HAL_Driver/Src/stm32h5xx_hal_rcc_ex.o
 .debug_macro   0x0002a7ff      0x29d ./Drivers/STM32H5xx_HAL_Driver/Src/stm32h5xx_hal_uart.o
 .debug_macro   0x0002aa9c      0x27e ./Drivers/STM32H5xx_HAL_Driver/Src/stm32h5xx_hal_uart_ex.o
 .debug_macro   0x0002ad1a      0x2a4 ./Drivers/STM32H5xx_HAL_Driver/Src/stm32h5xx_hal_xspi.o

.debug_line     0x00000000     0xfa0d
 .debug_line    0x00000000      0xab6 ./Core/Src/main.o
 .debug_line    0x00000ab6      0x95a ./Core/Src/my_hal.o
 .debug_line    0x00001410      0x996 ./Core/Src/my_spi.o
 .debug_line    0x00001da6      0x964 ./Core/Src/stm32h5xx_hal_msp.o
 .debug_line    0x0000270a      0x927 ./Core/Src/stm32h5xx_it.o
 .debug_line    0x00003031      0x9fc ./Core/Src/system_stm32h5xx.o
 .debug_line    0x00003a2d       0x7b ./Core/Startup/startup_stm32h533retx.o
 .debug_line    0x00003aa8      0xf84 ./Drivers/STM32H5xx_HAL_Driver/Src/stm32h5xx_hal.o
 .debug_line    0x00004a2c      0xecb ./Drivers/STM32H5xx_HAL_Driver/Src/stm32h5xx_hal_cortex.o
 .debug_line    0x000058f7      0xc85 ./Drivers/STM32H5xx_HAL_Driver/Src/stm32h5xx_hal_gpio.o
 .debug_line    0x0000657c     0x1414 ./Drivers/STM32H5xx_HAL_Driver/Src/stm32h5xx_hal_rcc.o
 .debug_line    0x00007990     0x241f ./Drivers/STM32H5xx_HAL_Driver/Src/stm32h5xx_hal_rcc_ex.o
 .debug_line    0x00009daf     0x351a ./Drivers/STM32H5xx_HAL_Driver/Src/stm32h5xx_hal_uart.o
 .debug_line    0x0000d2c9      0xdee ./Drivers/STM32H5xx_HAL_Driver/Src/stm32h5xx_hal_uart_ex.o
 .debug_line    0x0000e0b7     0x1956 ./Drivers/STM32H5xx_HAL_Driver/Src/stm32h5xx_hal_xspi.o

.debug_str      0x00000000   0x10dfd2
 .debug_str     0x00000000   0x10dfd2 ./Core/Src/main.o
                             0x10a6da (size before relaxing)
 .debug_str     0x0010dfd2   0x109549 ./Core/Src/my_hal.o
 .debug_str     0x0010dfd2   0x109618 ./Core/Src/my_spi.o
 .debug_str     0x0010dfd2   0x109651 ./Core/Src/stm32h5xx_hal_msp.o
 .debug_str     0x0010dfd2   0x108828 ./Core/Src/stm32h5xx_it.o
 .debug_str     0x0010dfd2   0x108da0 ./Core/Src/system_stm32h5xx.o
 .debug_str     0x0010dfd2       0x7c ./Core/Startup/startup_stm32h533retx.o
 .debug_str     0x0010dfd2   0x109b4e ./Drivers/STM32H5xx_HAL_Driver/Src/stm32h5xx_hal.o
 .debug_str     0x0010dfd2   0x109709 ./Drivers/STM32H5xx_HAL_Driver/Src/stm32h5xx_hal_cortex.o
 .debug_str     0x0010dfd2   0x108b77 ./Drivers/STM32H5xx_HAL_Driver/Src/stm32h5xx_hal_gpio.o
 .debug_str     0x0010dfd2   0x1092e5 ./Drivers/STM32H5xx_HAL_Driver/Src/stm32h5xx_hal_rcc.o
 .debug_str     0x0010dfd2   0x10956f ./Drivers/STM32H5xx_HAL_Driver/Src/stm32h5xx_hal_rcc_ex.o
 .debug_str     0x0010dfd2   0x109858 ./Drivers/STM32H5xx_HAL_Driver/Src/stm32h5xx_hal_uart.o
 .debug_str     0x0010dfd2   0x109229 ./Drivers/STM32H5xx_HAL_Driver/Src/stm32h5xx_hal_uart_ex.o
 .debug_str     0x0010dfd2   0x109812 ./Drivers/STM32H5xx_HAL_Driver/Src/stm32h5xx_hal_xspi.o

.comment        0x00000000       0x43
 .comment       0x00000000       0x43 ./Core/Src/main.o
                                 0x44 (size before relaxing)
 .comment       0x00000043       0x44 ./Core/Src/my_hal.o
 .comment       0x00000043       0x44 ./Core/Src/my_spi.o
 .comment       0x00000043       0x44 ./Core/Src/stm32h5xx_hal_msp.o
 .comment       0x00000043       0x44 ./Core/Src/stm32h5xx_it.o
 .comment       0x00000043       0x44 ./Core/Src/system_stm32h5xx.o
 .comment       0x00000043       0x44 ./Drivers/STM32H5xx_HAL_Driver/Src/stm32h5xx_hal.o
 .comment       0x00000043       0x44 ./Drivers/STM32H5xx_HAL_Driver/Src/stm32h5xx_hal_cortex.o
 .comment       0x00000043       0x44 ./Drivers/STM32H5xx_HAL_Driver/Src/stm32h5xx_hal_gpio.o
 .comment       0x00000043       0x44 ./Drivers/STM32H5xx_HAL_Driver/Src/stm32h5xx_hal_rcc.o
 .comment       0x00000043       0x44 ./Drivers/STM32H5xx_HAL_Driver/Src/stm32h5xx_hal_rcc_ex.o
 .comment       0x00000043       0x44 ./Drivers/STM32H5xx_HAL_Driver/Src/stm32h5xx_hal_uart.o
 .comment       0x00000043       0x44 ./Drivers/STM32H5xx_HAL_Driver/Src/stm32h5xx_hal_uart_ex.o
 .comment       0x00000043       0x44 ./Drivers/STM32H5xx_HAL_Driver/Src/stm32h5xx_hal_xspi.o

.debug_frame    0x00000000     0x3090
 .debug_frame   0x00000000       0xc8 ./Core/Src/main.o
 .debug_frame   0x000000c8       0xa8 ./Core/Src/my_hal.o
 .debug_frame   0x00000170      0x100 ./Core/Src/my_spi.o
 .debug_frame   0x00000270       0xc8 ./Core/Src/stm32h5xx_hal_msp.o
 .debug_frame   0x00000338      0x104 ./Core/Src/stm32h5xx_it.o
 .debug_frame   0x0000043c       0x60 ./Core/Src/system_stm32h5xx.o
 .debug_frame   0x0000049c      0x800 ./Drivers/STM32H5xx_HAL_Driver/Src/stm32h5xx_hal.o
 .debug_frame   0x00000c9c      0x560 ./Drivers/STM32H5xx_HAL_Driver/Src/stm32h5xx_hal_cortex.o
 .debug_frame   0x000011fc      0x1ec ./Drivers/STM32H5xx_HAL_Driver/Src/stm32h5xx_hal_gpio.o
 .debug_frame   0x000013e8      0x268 ./Drivers/STM32H5xx_HAL_Driver/Src/stm32h5xx_hal_rcc.o
 .debug_frame   0x00001650      0x470 ./Drivers/STM32H5xx_HAL_Driver/Src/stm32h5xx_hal_rcc_ex.o
 .debug_frame   0x00001ac0      0xa84 ./Drivers/STM32H5xx_HAL_Driver/Src/stm32h5xx_hal_uart.o
 .debug_frame   0x00002544      0x2c4 ./Drivers/STM32H5xx_HAL_Driver/Src/stm32h5xx_hal_uart_ex.o
 .debug_frame   0x00002808      0x790 ./Drivers/STM32H5xx_HAL_Driver/Src/stm32h5xx_hal_xspi.o
 .debug_frame   0x00002f98       0x20 C:/ST/STM32CubeIDE_1.18.0/STM32CubeIDE/plugins/com.st.stm32cube.ide.mcu.externaltools.gnu-tools-for-stm32.13.3.rel1.win32_1.0.0.202411081344/tools/bin/../lib/gcc/arm-none-eabi/13.3.1/../../../../arm-none-eabi/lib/thumb/v8-m.main+fp/hard\libc_nano.a(libc_a-memset.o)
 .debug_frame   0x00002fb8       0x2c C:/ST/STM32CubeIDE_1.18.0/STM32CubeIDE/plugins/com.st.stm32cube.ide.mcu.externaltools.gnu-tools-for-stm32.13.3.rel1.win32_1.0.0.202411081344/tools/bin/../lib/gcc/arm-none-eabi/13.3.1/../../../../arm-none-eabi/lib/thumb/v8-m.main+fp/hard\libc_nano.a(libc_a-init.o)
 .debug_frame   0x00002fe4       0x20 C:/ST/STM32CubeIDE_1.18.0/STM32CubeIDE/plugins/com.st.stm32cube.ide.mcu.externaltools.gnu-tools-for-stm32.13.3.rel1.win32_1.0.0.202411081344/tools/bin/../lib/gcc/arm-none-eabi/13.3.1/../../../../arm-none-eabi/lib/thumb/v8-m.main+fp/hard\libc_nano.a(libc_a-strcpy.o)
 .debug_frame   0x00003004       0x28 C:/ST/STM32CubeIDE_1.18.0/STM32CubeIDE/plugins/com.st.stm32cube.ide.mcu.externaltools.gnu-tools-for-stm32.13.3.rel1.win32_1.0.0.202411081344/tools/bin/../lib/gcc/arm-none-eabi/13.3.1/../../../../arm-none-eabi/lib/thumb/v8-m.main+fp/hard\libc_nano.a(libc_a-memcpy-stub.o)
 .debug_frame   0x0000302c       0x2c C:/ST/STM32CubeIDE_1.18.0/STM32CubeIDE/plugins/com.st.stm32cube.ide.mcu.externaltools.gnu-tools-for-stm32.13.3.rel1.win32_1.0.0.202411081344/tools/bin/../lib/gcc/arm-none-eabi/13.3.1/thumb/v8-m.main+fp/hard\libgcc.a(_aeabi_uldivmod.o)
 .debug_frame   0x00003058       0x38 C:/ST/STM32CubeIDE_1.18.0/STM32CubeIDE/plugins/com.st.stm32cube.ide.mcu.externaltools.gnu-tools-for-stm32.13.3.rel1.win32_1.0.0.202411081344/tools/bin/../lib/gcc/arm-none-eabi/13.3.1/thumb/v8-m.main+fp/hard\libgcc.a(_udivmoddi4.o)

.debug_line_str
                0x00000000       0x60
 .debug_line_str
                0x00000000       0x60 ./Core/Startup/startup_stm32h533retx.o
